Component: Arm Compiler for Embedded 6.19 Tool: armlink [5e73cb00]

==============================================================================

Section Cross References

    mockproject_main.o(.text.main) refers to mockproject_main.o(.text.Initalize_LPSPI0_Master) for Initalize_LPSPI0_Master
    mockproject_main.o(.text.main) refers to mockproject_main.o(.text.Initalize_Slave_8DigitLed_MAX7219) for Initalize_Slave_8DigitLed_MAX7219
    mockproject_main.o(.text.main) refers to mockproject_main.o(.text.Initialize_LPIT) for Initialize_LPIT
    mockproject_main.o(.text.main) refers to mockproject_main.o(.text.Initialize_Button) for Initialize_Button
    mockproject_main.o(.text.main) refers to mockproject_main.o(.text.Initialize_LPUART1) for Initialize_LPUART1
    mockproject_main.o(.text.main) refers to mockproject_main.o(.text.Initialize_ADC0) for Initialize_ADC0
    mockproject_main.o(.text.main) refers to mockproject_main.o(.text.ADC_Module) for ADC_Module
    mockproject_main.o(.text.main) refers to mockproject_main.o(.text.Handler_Feature_Two_Button) for Handler_Feature_Two_Button
    mockproject_main.o(.ARM.exidx.text.main) refers to mockproject_main.o(.text.main) for [Anonymous Symbol]
    mockproject_main.o(.ARM.exidx.text.Initalize_LPSPI0_Master) refers to mockproject_main.o(.text.Initalize_LPSPI0_Master) for [Anonymous Symbol]
    mockproject_main.o(.text.Initalize_Slave_8DigitLed_MAX7219) refers to mockproject_main.o(.text.LPSPI_TransmitData) for LPSPI_TransmitData
    mockproject_main.o(.ARM.exidx.text.Initalize_Slave_8DigitLed_MAX7219) refers to mockproject_main.o(.text.Initalize_Slave_8DigitLed_MAX7219) for [Anonymous Symbol]
    mockproject_main.o(.ARM.exidx.text.Initialize_LPIT) refers to mockproject_main.o(.text.Initialize_LPIT) for [Anonymous Symbol]
    mockproject_main.o(.ARM.exidx.text.Initialize_Button) refers to mockproject_main.o(.text.Initialize_Button) for [Anonymous Symbol]
    mockproject_main.o(.ARM.exidx.text.Initialize_LPUART1) refers to mockproject_main.o(.text.Initialize_LPUART1) for [Anonymous Symbol]
    mockproject_main.o(.ARM.exidx.text.Initialize_ADC0) refers to mockproject_main.o(.text.Initialize_ADC0) for [Anonymous Symbol]
    mockproject_main.o(.text.ADC_Module) refers to mockproject_main.o(.bss.Receiver_Data_ADC) for Receiver_Data_ADC
    mockproject_main.o(.text.ADC_Module) refers to mockproject_main.o(.bss.Intensity) for Intensity
    mockproject_main.o(.text.ADC_Module) refers to mockproject_main.o(.text.LPSPI_TransmitData) for LPSPI_TransmitData
    mockproject_main.o(.ARM.exidx.text.ADC_Module) refers to mockproject_main.o(.text.ADC_Module) for [Anonymous Symbol]
    mockproject_main.o(.text.Handler_Feature_Two_Button) refers to mockproject_main.o(.data.Flag_Button) for Flag_Button
    mockproject_main.o(.text.Handler_Feature_Two_Button) refers to mockproject_main.o(.bss.State_Button1) for State_Button1
    mockproject_main.o(.text.Handler_Feature_Two_Button) refers to mockproject_main.o(.text.Display_Date_In_Led) for Display_Date_In_Led
    mockproject_main.o(.text.Handler_Feature_Two_Button) refers to mockproject_main.o(.text.Display_Time_In_Led) for Display_Time_In_Led
    mockproject_main.o(.text.Handler_Feature_Two_Button) refers to mockproject_main.o(.bss.State_Button2) for State_Button2
    mockproject_main.o(.text.Handler_Feature_Two_Button) refers to mockproject_main.o(.text.LPSPI_TransmitData) for LPSPI_TransmitData
    mockproject_main.o(.ARM.exidx.text.Handler_Feature_Two_Button) refers to mockproject_main.o(.text.Handler_Feature_Two_Button) for [Anonymous Symbol]
    mockproject_main.o(.ARM.exidx.text.LPSPI_TransmitData) refers to mockproject_main.o(.text.LPSPI_TransmitData) for [Anonymous Symbol]
    mockproject_main.o(.text.Display_Time_In_Led) refers to mockproject_main.o(.text.LPSPI_TransmitData) for LPSPI_TransmitData
    mockproject_main.o(.text.Display_Time_In_Led) refers to mockproject_main.o(.bss.Sec) for Sec
    mockproject_main.o(.text.Display_Time_In_Led) refers to mockproject_main.o(.bss.Min) for Min
    mockproject_main.o(.text.Display_Time_In_Led) refers to mockproject_main.o(.bss.Hour) for Hour
    mockproject_main.o(.ARM.exidx.text.Display_Time_In_Led) refers to mockproject_main.o(.text.Display_Time_In_Led) for [Anonymous Symbol]
    mockproject_main.o(.text.Display_Date_In_Led) refers to mockproject_main.o(.text.LPSPI_TransmitData) for LPSPI_TransmitData
    mockproject_main.o(.text.Display_Date_In_Led) refers to mockproject_main.o(.data.Year) for Year
    mockproject_main.o(.text.Display_Date_In_Led) refers to mockproject_main.o(.data.Month) for Month
    mockproject_main.o(.text.Display_Date_In_Led) refers to mockproject_main.o(.data.Day) for Day
    mockproject_main.o(.ARM.exidx.text.Display_Date_In_Led) refers to mockproject_main.o(.text.Display_Date_In_Led) for [Anonymous Symbol]
[...]
    __rtentry.o(.ARM.Collect$$rtentry$$00000000) refers (Special) to __rtentry2.o(.ARM.Collect$$rtentry$$0000000A) for __rt_entry_li
    __rtentry.o(.ARM.Collect$$rtentry$$00000000) refers (Special) to __rtentry2.o(.ARM.Collect$$rtentry$$0000000D) for __rt_entry_main
    __rtentry.o(.ARM.Collect$$rtentry$$00000000) refers (Special) to __rtentry2.o(.ARM.Collect$$rtentry$$0000000C) for __rt_entry_postli_1
    __rtentry.o(.ARM.Collect$$rtentry$$00000000) refers (Special) to __rtentry2.o(.ARM.Collect$$rtentry$$00000009) for __rt_entry_postsh_1
    __rtentry.o(.ARM.Collect$$rtentry$$00000000) refers (Special) to __rtentry2.o(.ARM.Collect$$rtentry$$00000002) for __rt_entry_presh_1
    __rtentry.o(.ARM.Collect$$rtentry$$00000000) refers (Special) to __rtentry7.o(.ARM.Collect$$rtentry$$00000007) for __rt_entry_sh
    rt_errno_addr.o(.text) refers to rt_errno_addr.o(.bss) for __aeabi_errno_addr_data
    rt_errno_addr_intlibspace.o(.text) refers to libspace.o(.bss) for __libspace_start
    strtol.o(.text) refers to rt_ctype_table.o(.text) for __rt_ctype_table
    strtol.o(.text) refers to _strtoul.o(.text) for _strtoul
    strtol.o(.text) refers to rt_errno_addr_intlibspace.o(.text) for __aeabi_errno_addr
    strtok_int.o(.text) refers to strspn.o(.text) for strspn
    strtok_int.o(.text) refers to strcspn.o(.text) for strcspn
    libspace.o(.text) refers to libspace.o(.bss) for __libspace_start
    __rtentry2.o(.ARM.Collect$$rtentry$$00000008) refers to boardinit2.o(.text) for _platform_post_stackheap_init
    __rtentry2.o(.ARM.Collect$$rtentry$$0000000A) refers to libinit.o(.ARM.Collect$$libinit$$00000000) for __rt_lib_init
    __rtentry2.o(.ARM.Collect$$rtentry$$0000000B) refers to boardinit3.o(.text) for _platform_post_lib_init
    __rtentry2.o(.ARM.Collect$$rtentry$$0000000D) refers to mockproject_main.o(.text.main) for main
    __rtentry2.o(.ARM.Collect$$rtentry$$0000000D) refers to exit.o(.text) for exit
    __rtentry2.o(.ARM.exidx) refers to __rtentry2.o(.ARM.Collect$$rtentry$$00000001) for .ARM.Collect$$rtentry$$00000001
    __rtentry2.o(.ARM.exidx) refers to __rtentry2.o(.ARM.Collect$$rtentry$$00000008) for .ARM.Collect$$rtentry$$00000008
    __rtentry2.o(.ARM.exidx) refers to __rtentry2.o(.ARM.Collect$$rtentry$$0000000A) for .ARM.Collect$$rtentry$$0000000A
    __rtentry2.o(.ARM.exidx) refers to __rtentry2.o(.ARM.Collect$$rtentry$$0000000B) for .ARM.Collect$$rtentry$$0000000B
    __rtentry2.o(.ARM.exidx) refers to __rtentry2.o(.ARM.Collect$$rtentry$$0000000D) for .ARM.Collect$$rtentry$$0000000D
    __rtentry4.o(.ARM.Collect$$rtentry$$00000004) refers to sys_stackheap_outer.o(.text) for __user_setup_stackheap
    __rtentry4.o(.ARM.exidx) refers to __rtentry4.o(.ARM.Collect$$rtentry$$00000004) for .ARM.Collect$$rtentry$$00000004
    __rtentry7.o(.ARM.Collect$$rtentry$$00000007) refers to __rtentry7.o(.ARM.Collect$$rtentry$$00002718) for __lit__00000000
    __rtentry7.o(__vectab_stack_and_reset_2_area) refers to __main.o(!!!main) for __main
    __rtentry7.o(.ARM.exidx) refers to __rtentry7.o(.ARM.Collect$$rtentry$$00000007) for .ARM.Collect$$rtentry$$00000007
    __rtentry7.o(.ARM.exidx) refers to __rtentry7.o(.ARM.Collect$$rtentry$$00002718) for .ARM.Collect$$rtentry$$00002718
    rt_ctype_table.o(.text) refers to rt_locale_intlibspace.o(.text) for __rt_locale
    rt_ctype_table.o(.text) refers to lc_ctype_c.o(locale$$code) for _get_lc_ctype
    _strtoul.o(.text) refers to _chval.o(.text) for _chval
    _strtoul.o(.text) refers to rt_errno_addr_intlibspace.o(.text) for __aeabi_errno_addr
    sys_stackheap_outer.o(.text) refers to libspace.o(.text) for __user_perproc_libspace
    sys_stackheap_outer.o(.text) refers to sys_stackheap.o(.text) for __user_initial_stackheap
    rt_locale.o(.text) refers to rt_locale.o(.bss) for __rt_locale_data
    rt_locale_intlibspace.o(.text) refers to libspace.o(.bss) for __libspace_start
    lc_ctype_c.o(locale$$data) refers (Special) to libinit2.o(.ARM.Collect$$libinit$$00000014) for __rt_lib_init_lc_ctype_2
    lc_ctype_c.o(locale$$code) refers (Special) to libinit2.o(.ARM.Collect$$libinit$$00000014) for __rt_lib_init_lc_ctype_2
    lc_ctype_c.o(locale$$code) refers to strcmpv7em.o(.text) for strcmp
    lc_ctype_c.o(locale$$code) refers to lc_ctype_c.o(locale$$data) for __lcctype_c_name
    exit.o(.text) refers to rtexit.o(.ARM.Collect$$rtexit$$00000000) for __rt_exit
    libinit.o(.ARM.Collect$$libinit$$00000000) refers (Special) to libinit2.o(.ARM.Collect$$libinit$$00000030) for __rt_lib_init_alloca_1
    libinit.o(.ARM.Collect$$libinit$$00000000) refers (Special) to libinit2.o(.ARM.Collect$$libinit$$0000002E) for __rt_lib_init_argv_1
    libinit.o(.ARM.Collect$$libinit$$00000000) refers (Special) to libinit2.o(.ARM.Collect$$libinit$$0000001D) for __rt_lib_init_atexit_1
    libinit.o(.ARM.Collect$$libinit$$00000000) refers (Special) to libinit2.o(.ARM.Collect$$libinit$$00000023) for __rt_lib_init_clock_1
    libinit.o(.ARM.Collect$$libinit$$00000000) refers (Special) to libinit2.o(.ARM.Collect$$libinit$$00000034) for __rt_lib_init_cpp_1
    libinit.o(.ARM.Collect$$libinit$$00000000) refers (Special) to libinit2.o(.ARM.Collect$$libinit$$00000032) for __rt_lib_init_exceptions_1
    libinit.o(.ARM.Collect$$libinit$$00000000) refers (Special) to libinit2.o(.ARM.Collect$$libinit$$00000001) for __rt_lib_init_fp_1
    libinit.o(.ARM.Collect$$libinit$$00000000) refers (Special) to libinit2.o(.ARM.Collect$$libinit$$00000021) for __rt_lib_init_fp_trap_1
    libinit.o(.ARM.Collect$$libinit$$00000000) refers (Special) to libinit2.o(.ARM.Collect$$libinit$$00000025) for __rt_lib_init_getenv_1
    libinit.o(.ARM.Collect$$libinit$$00000000) refers (Special) to libinit2.o(.ARM.Collect$$libinit$$0000000C) for __rt_lib_init_heap_1
    libinit.o(.ARM.Collect$$libinit$$00000000) refers (Special) to libinit2.o(.ARM.Collect$$libinit$$00000013) for __rt_lib_init_lc_collate_1
    libinit.o(.ARM.Collect$$libinit$$00000000) refers (Special) to libinit2.o(.ARM.Collect$$libinit$$00000015) for __rt_lib_init_lc_ctype_1
    libinit.o(.ARM.Collect$$libinit$$00000000) refers (Special) to libinit2.o(.ARM.Collect$$libinit$$00000017) for __rt_lib_init_lc_monetary_1
    libinit.o(.ARM.Collect$$libinit$$00000000) refers (Special) to libinit2.o(.ARM.Collect$$libinit$$00000019) for __rt_lib_init_lc_numeric_1
    libinit.o(.ARM.Collect$$libinit$$00000000) refers (Special) to libinit2.o(.ARM.Collect$$libinit$$0000001B) for __rt_lib_init_lc_time_1
    libinit.o(.ARM.Collect$$libinit$$00000000) refers (Special) to libinit2.o(.ARM.Collect$$libinit$$00000006) for __rt_lib_init_preinit_1
    libinit.o(.ARM.Collect$$libinit$$00000000) refers (Special) to libinit2.o(.ARM.Collect$$libinit$$00000010) for __rt_lib_init_rand_1
    libinit.o(.ARM.Collect$$libinit$$00000000) refers (Special) to libinit2.o(.ARM.Collect$$libinit$$00000004) for __rt_lib_init_relocate_pie_1
    libinit.o(.ARM.Collect$$libinit$$00000000) refers (Special) to libinit2.o(.ARM.Collect$$libinit$$00000035) for __rt_lib_init_return
    libinit.o(.ARM.Collect$$libinit$$00000000) refers (Special) to libinit2.o(.ARM.Collect$$libinit$$0000001F) for __rt_lib_init_signal_1
    libinit.o(.ARM.Collect$$libinit$$00000000) refers (Special) to libinit2.o(.ARM.Collect$$libinit$$00000027) for __rt_lib_init_stdio_1
    libinit.o(.ARM.Collect$$libinit$$00000000) refers (Special) to libinit2.o(.ARM.Collect$$libinit$$0000000E) for __rt_lib_init_user_alloc_1
    sys_stackheap.o(.text) refers (Special) to indicate_semi.o(.text) for __semihosting_library_function
    sys_stackheap.o(.text) refers to use_no_semi.o(.text) for __I$use$semihosting
    sys_stackheap_hlt.o(.text) refers (Special) to indicate_semi.o(.text) for __semihosting_library_function
    sys_stackheap_hlt.o(.text) refers to use_no_semi.o(.text) for __I$use$semihosting
    rtexit.o(.ARM.Collect$$rtexit$$00000000) refers (Special) to rtexit2.o(.ARM.Collect$$rtexit$$00000004) for __rt_exit_exit
    rtexit.o(.ARM.Collect$$rtexit$$00000000) refers (Special) to rtexit2.o(.ARM.Collect$$rtexit$$00000003) for __rt_exit_ls
    rtexit.o(.ARM.Collect$$rtexit$$00000000) refers (Special) to rtexit2.o(.ARM.Collect$$rtexit$$00000002) for __rt_exit_prels_1
    rtexit.o(.ARM.exidx) refers (Special) to rtexit2.o(.ARM.Collect$$rtexit$$00000004) for __rt_exit_exit
    rtexit.o(.ARM.exidx) refers (Special) to rtexit2.o(.ARM.Collect$$rtexit$$00000003) for __rt_exit_ls
    rtexit.o(.ARM.exidx) refers (Special) to rtexit2.o(.ARM.Collect$$rtexit$$00000002) for __rt_exit_prels_1
    rtexit.o(.ARM.exidx) refers to rtexit.o(.ARM.Collect$$rtexit$$00000000) for .ARM.Collect$$rtexit$$00000000
    libinit2.o(.ARM.Collect$$libinit$$00000001) refers to fpinit.o(x$fpl$fpinit) for _fp_init
    libinit2.o(.ARM.Collect$$libinit$$00000011) refers (Weak) to rt_locale_intlibspace.o(.text) for __rt_locale
    libinit2.o(.ARM.Collect$$libinit$$00000012) refers to libinit2.o(.ARM.Collect$$libinit$$00000011) for .ARM.Collect$$libinit$$00000011
    libinit2.o(.ARM.Collect$$libinit$$00000014) refers to libinit2.o(.ARM.Collect$$libinit$$00000011) for .ARM.Collect$$libinit$$00000011
    libinit2.o(.ARM.Collect$$libinit$$00000014) refers (Weak) to lc_ctype_c.o(locale$$code) for _get_lc_ctype
    libinit2.o(.ARM.Collect$$libinit$$00000016) refers to libinit2.o(.ARM.Collect$$libinit$$00000011) for .ARM.Collect$$libinit$$00000011
    libinit2.o(.ARM.Collect$$libinit$$00000018) refers to libinit2.o(.ARM.Collect$$libinit$$00000011) for .ARM.Collect$$libinit$$00000011
    libinit2.o(.ARM.Collect$$libinit$$0000001A) refers to libinit2.o(.ARM.Collect$$libinit$$00000011) for .ARM.Collect$$libinit$$00000011
    libinit2.o(.ARM.Collect$$libinit$$00000028) refers to argv_veneer.o(.emb_text) for __ARM_argv_veneer
    libinit2.o(.ARM.Collect$$libinit$$00000029) refers to argv_veneer.o(.emb_text) for __ARM_argv_veneer
    libinit5.o(.ARM.Collect$$libinit$$0000000A) refers to libinit5.o(.ARM.Collect$$libinit$$0000271B) for __lit__00000000
    libinit5.o(.ARM.Collect$$libinit$$0000002C) refers to libinit5.o(.ARM.Collect$$libinit$$0000273D) for __lit__00000002
    libinit5.o(.ARM.Collect$$libinit$$0000002C) refers to argv_veneer.o(.emb_text) for __ARM_argv_veneer
    rtexit2.o(.ARM.Collect$$rtexit$$00000003) refers to libshutdown.o(.ARM.Collect$$libshutdown$$00000000) for __rt_lib_shutdown
    rtexit2.o(.ARM.Collect$$rtexit$$00000004) refers to sys_exit.o(.text) for _sys_exit
    rtexit2.o(.ARM.exidx) refers to rtexit2.o(.ARM.Collect$$rtexit$$00000001) for .ARM.Collect$$rtexit$$00000001
    rtexit2.o(.ARM.exidx) refers to rtexit2.o(.ARM.Collect$$rtexit$$00000003) for .ARM.Collect$$rtexit$$00000003
    rtexit2.o(.ARM.exidx) refers to rtexit2.o(.ARM.Collect$$rtexit$$00000004) for .ARM.Collect$$rtexit$$00000004
    argv_veneer.o(.emb_text) refers to no_argv.o(.text) for __ARM_get_argv
    sys_exit.o(.text) refers (Special) to use_no_semi.o(.text) for __I$use$semihosting
    sys_exit.o(.text) refers (Special) to indicate_semi.o(.text) for __semihosting_library_function
    sys_exit_hlt.o(.text) refers (Special) to use_no_semi.o(.text) for __I$use$semihosting
    sys_exit_hlt.o(.text) refers (Special) to indicate_semi.o(.text) for __semihosting_library_function
    _get_argv_nomalloc.o(.text) refers (Special) to hrguard.o(.text) for __heap_region$guard
    _get_argv_nomalloc.o(.text) refers to defsig_rtmem_outer.o(.text) for __rt_SIGRTMEM
    _get_argv_nomalloc.o(.text) refers to sys_command.o(.text) for _sys_command_string
    libshutdown.o(.ARM.Collect$$libshutdown$$00000000) refers (Special) to libshutdown2.o(.ARM.Collect$$libshutdown$$00000002) for __rt_lib_shutdown_cpp_1
    libshutdown.o(.ARM.Collect$$libshutdown$$00000000) refers (Special) to libshutdown2.o(.ARM.Collect$$libshutdown$$00000007) for __rt_lib_shutdown_fp_trap_1
    libshutdown.o(.ARM.Collect$$libshutdown$$00000000) refers (Special) to libshutdown2.o(.ARM.Collect$$libshutdown$$0000000F) for __rt_lib_shutdown_heap_1
    libshutdown.o(.ARM.Collect$$libshutdown$$00000000) refers (Special) to libshutdown2.o(.ARM.Collect$$libshutdown$$00000010) for __rt_lib_shutdown_return
    libshutdown.o(.ARM.Collect$$libshutdown$$00000000) refers (Special) to libshutdown2.o(.ARM.Collect$$libshutdown$$0000000A) for __rt_lib_shutdown_signal_1
    libshutdown.o(.ARM.Collect$$libshutdown$$00000000) refers (Special) to libshutdown2.o(.ARM.Collect$$libshutdown$$00000004) for __rt_lib_shutdown_stdio_1
    libshutdown.o(.ARM.Collect$$libshutdown$$00000000) refers (Special) to libshutdown2.o(.ARM.Collect$$libshutdown$$0000000C) for __rt_lib_shutdown_user_alloc_1
    sys_command.o(.text) refers (Special) to use_no_semi.o(.text) for __I$use$semihosting
    sys_command.o(.text) refers (Special) to indicate_semi.o(.text) for __semihosting_library_function
    sys_command_hlt.o(.text) refers (Special) to use_no_semi.o(.text) for __I$use$semihosting
    sys_command_hlt.o(.text) refers (Special) to indicate_semi.o(.text) for __semihosting_library_function
    defsig_rtmem_outer.o(.text) refers to defsig_rtmem_inner.o(.text) for __rt_SIGRTMEM_inner
    defsig_rtmem_outer.o(.text) refers to defsig_exit.o(.text) for __sig_exit
    defsig_rtmem_formal.o(.text) refers to rt_raise.o(.text) for __rt_raise
    rt_raise.o(.text) refers to __raise.o(.text) for __raise
    rt_raise.o(.text) refers to sys_exit.o(.text) for _sys_exit
    defsig_exit.o(.text) refers to sys_exit.o(.text) for _sys_exit
    defsig_rtmem_inner.o(.text) refers to defsig_general.o(.text) for __default_signal_display
    __raise.o(.text) refers to defsig.o(CL$$defsig) for __default_signal_handler
    defsig_general.o(.text) refers to sys_wrch.o(.text) for _ttywrch
    sys_wrch.o(.text) refers (Special) to use_no_semi.o(.text) for __I$use$semihosting
    sys_wrch.o(.text) refers (Special) to indicate_semi.o(.text) for __semihosting_library_function
    sys_wrch_hlt.o(.text) refers (Special) to use_no_semi.o(.text) for __I$use$semihosting
    sys_wrch_hlt.o(.text) refers (Special) to indicate_semi.o(.text) for __semihosting_library_function
    defsig.o(CL$$defsig) refers to defsig_rtmem_inner.o(.text) for __rt_SIGRTMEM_inner
    defsig_abrt_inner.o(.text) refers to defsig_general.o(.text) for __default_signal_display
    defsig_fpe_inner.o(.text) refers to defsig_general.o(.text) for __default_signal_display
    defsig_rtred_inner.o(.text) refers to defsig_general.o(.text) for __default_signal_display
    defsig_stak_inner.o(.text) refers to defsig_general.o(.text) for __default_signal_display
    defsig_pvfn_inner.o(.text) refers to defsig_general.o(.text) for __default_signal_display
    defsig_cppl_inner.o(.text) refers to defsig_general.o(.text) for __default_signal_display
    defsig_segv_inner.o(.text) refers to defsig_general.o(.text) for __default_signal_display
    defsig_other.o(.text) refers to defsig_general.o(.text) for __default_signal_display


==============================================================================

Removing Unused input sections from the image.

    Removing mockproject_main.o(.text), (0 bytes).
    Removing mockproject_main.o(.ARM.exidx.text.main), (8 bytes).
    Removing mockproject_main.o(.ARM.exidx.text.Initalize_LPSPI0_Master), (8 bytes).
    Removing mockproject_main.o(.ARM.exidx.text.Initalize_Slave_8DigitLed_MAX7219), (8 bytes).
    Removing mockproject_main.o(.ARM.exidx.text.Initialize_LPIT), (8 bytes).
    Removing mockproject_main.o(.ARM.exidx.text.Initialize_Button), (8 bytes).
    Removing mockproject_main.o(.ARM.exidx.text.Initialize_LPUART1), (8 bytes).
    Removing mockproject_main.o(.ARM.exidx.text.Initialize_ADC0), (8 bytes).
    Removing mockproject_main.o(.ARM.exidx.text.ADC_Module), (8 bytes).
    Removing mockproject_main.o(.ARM.exidx.text.Handler_Feature_Two_Button), (8 bytes).
    Removing mockproject_main.o(.ARM.exidx.text.LPSPI_TransmitData), (8 bytes).
    Removing mockproject_main.o(.ARM.exidx.text.Display_Time_In_Led), (8 bytes).
    Removing mockproject_main.o(.ARM.exidx.text.Display_Date_In_Led), (8 bytes).
    Removing mockproject_main.o(.ARM.exidx.text.Leap_Year), (8 bytes).
    Removing mockproject_main.o(.ARM.exidx.text.LPIT0_Ch3_IRQHandler), (8 bytes).
    Removing mockproject_main.o(.ARM.exidx.text.PORTC_IRQHandler), (8 bytes).
    Removing mockproject_main.o(.ARM.exidx.text.LPUART1_RxTx_IRQHandler), (8 bytes).
    Removing mockproject_main.o(.ARM.use_no_argv), (4 bytes).
    Removing startup.o(.text), (0 bytes).
    Removing startup.o(.ARM.exidx.text.init_data_bss), (8 bytes).
    Removing system_s32k144.o(.text), (0 bytes).
    Removing system_s32k144.o(.ARM.exidx.text.SystemInit), (8 bytes).
    Removing system_s32k144.o(.text.SystemCoreClockUpdate), (254 bytes).
    Removing system_s32k144.o(.ARM.exidx.text.SystemCoreClockUpdate), (8 bytes).
    Removing system_s32k144.o(.text.SystemSoftwareReset), (48 bytes).
    Removing system_s32k144.o(.ARM.exidx.text.SystemSoftwareReset), (8 bytes).
    Removing system_s32k144.o(.data.SystemCoreClock), (4 bytes).
    Removing system_s32k144.o(.rodata.SystemCoreClockUpdate.fircFreq), (4 bytes).

28 unused section(s) (total 474 bytes) removed from the image.

==============================================================================

Image Symbol Table

    Local Symbols

    Symbol Name                              Value     Ov Type        Size  Object(Section)

    ../clib/angel/boardlib.s                 0x00000000   Number         0  boardinit1.o ABSOLUTE
    ../clib/angel/boardlib.s                 0x00000000   Number         0  boardinit2.o ABSOLUTE
    ../clib/angel/boardlib.s                 0x00000000   Number         0  boardinit3.o ABSOLUTE
    ../clib/angel/boardlib.s                 0x00000000   Number         0  boardshut.o ABSOLUTE
    ../clib/angel/handlers.s                 0x00000000   Number         0  __scatter_copy.o ABSOLUTE
    ../clib/angel/handlers.s                 0x00000000   Number         0  __scatter_zi.o ABSOLUTE
    ../clib/angel/kernel.s                   0x00000000   Number         0  __rtentry.o ABSOLUTE
    ../clib/angel/kernel.s                   0x00000000   Number         0  __rtentry2.o ABSOLUTE
    ../clib/angel/kernel.s                   0x00000000   Number         0  __rtentry4.o ABSOLUTE
    ../clib/angel/kernel.s                   0x00000000   Number         0  __rtentry7.o ABSOLUTE
    ../clib/angel/kernel.s                   0x00000000   Number         0  rtexit.o ABSOLUTE
    ../clib/angel/kernel.s                   0x00000000   Number         0  rtexit2.o ABSOLUTE
    ../clib/angel/rt.s                       0x00000000   Number         0  rt_errno_addr.o ABSOLUTE
    ../clib/angel/rt.s                       0x00000000   Number         0  rt_errno_addr_intlibspace.o ABSOLUTE
    ../clib/angel/rt.s                       0x00000000   Number         0  rt_ctype_table.o ABSOLUTE
    ../clib/angel/rt.s                       0x00000000   Number         0  rt_locale.o ABSOLUTE
    ../clib/angel/rt.s                       0x00000000   Number         0  rt_locale_intlibspace.o ABSOLUTE
    ../clib/angel/rt.s                       0x00000000   Number         0  rt_raise.o ABSOLUTE
    ../clib/angel/scatter.s                  0x00000000   Number         0  __scatter.o ABSOLUTE
    ../clib/angel/startup.s                  0x00000000   Number         0  __main.o ABSOLUTE
    ../clib/angel/sys.s                      0x00000000   Number         0  libspace.o ABSOLUTE
    ../clib/angel/sys.s                      0x00000000   Number         0  sys_stackheap_outer.o ABSOLUTE
    ../clib/angel/sys.s                      0x00000000   Number         0  sys_stackheap.o ABSOLUTE
    ../clib/angel/sys.s                      0x00000000   Number         0  sys_stackheap_hlt.o ABSOLUTE
    ../clib/angel/sys.s                      0x00000000   Number         0  use_no_semi.o ABSOLUTE
    ../clib/angel/sys.s                      0x00000000   Number         0  indicate_semi.o ABSOLUTE
    ../clib/angel/sysapp.c                   0x00000000   Number         0  sys_exit.o ABSOLUTE
    ../clib/angel/sysapp.c                   0x00000000   Number         0  sys_exit_hlt.o ABSOLUTE
    ../clib/angel/sysapp.c                   0x00000000   Number         0  sys_command.o ABSOLUTE
    ../clib/angel/sysapp.c                   0x00000000   Number         0  sys_command_hlt.o ABSOLUTE
    ../clib/angel/sysapp.c                   0x00000000   Number         0  sys_wrch.o ABSOLUTE
    ../clib/angel/sysapp.c                   0x00000000   Number         0  sys_wrch_hlt.o ABSOLUTE
    ../clib/armsys.c                         0x00000000   Number         0  argv_veneer.o ABSOLUTE
    ../clib/armsys.c                         0x00000000   Number         0  argv_veneer.o ABSOLUTE
    ../clib/armsys.c                         0x00000000   Number         0  _get_argv_nomalloc.o ABSOLUTE
    ../clib/armsys.c                         0x00000000   Number         0  no_argv.o ABSOLUTE
    ../clib/heapalloc.c                      0x00000000   Number         0  hrguard.o ABSOLUTE
    ../clib/libinit.s                        0x00000000   Number         0  libinit.o ABSOLUTE
    ../clib/libinit.s                        0x00000000   Number         0  libinit2.o ABSOLUTE
    ../clib/libinit.s                        0x00000000   Number         0  libinit5.o ABSOLUTE
    ../clib/libinit.s                        0x00000000   Number         0  libshutdown.o ABSOLUTE
    ../clib/libinit.s                        0x00000000   Number         0  libshutdown2.o ABSOLUTE
    ../clib/locale.s                         0x00000000   Number         0  lc_ctype_c.o ABSOLUTE
    ../clib/memcpset.s                       0x00000000   Number         0  rt_memcpy_v6.o ABSOLUTE
    ../clib/memcpset.s                       0x00000000   Number         0  rt_memcpy_w.o ABSOLUTE
    ../clib/memcpset.s                       0x00000000   Number         0  strcmpv7em.o ABSOLUTE
    ../clib/scanf.c                          0x00000000   Number         0  atoi.o ABSOLUTE
    ../clib/scanf.c                          0x00000000   Number         0  strtol.o ABSOLUTE
    ../clib/scanf.c                          0x00000000   Number         0  _strtoul.o ABSOLUTE
    ../clib/scanf.c                          0x00000000   Number         0  _chval.o ABSOLUTE
    ../clib/signal.c                         0x00000000   Number         0  defsig_rtmem_outer.o ABSOLUTE
    ../clib/signal.c                         0x00000000   Number         0  defsig_rtmem_formal.o ABSOLUTE
    ../clib/signal.c                         0x00000000   Number         0  defsig_exit.o ABSOLUTE
    ../clib/signal.c                         0x00000000   Number         0  defsig_rtmem_inner.o ABSOLUTE
    ../clib/signal.c                         0x00000000   Number         0  __raise.o ABSOLUTE
    ../clib/signal.c                         0x00000000   Number         0  defsig_general.o ABSOLUTE
    ../clib/signal.c                         0x00000000   Number         0  defsig_abrt_inner.o ABSOLUTE
    ../clib/signal.c                         0x00000000   Number         0  defsig_fpe_inner.o ABSOLUTE
    ../clib/signal.c                         0x00000000   Number         0  defsig_rtred_inner.o ABSOLUTE
    ../clib/signal.c                         0x00000000   Number         0  defsig_stak_inner.o ABSOLUTE
    ../clib/signal.c                         0x00000000   Number         0  defsig_pvfn_inner.o ABSOLUTE
    ../clib/signal.c                         0x00000000   Number         0  defsig_cppl_inner.o ABSOLUTE
    ../clib/signal.c                         0x00000000   Number         0  defsig_segv_inner.o ABSOLUTE
    ../clib/signal.c                         0x00000000   Number         0  defsig_other.o ABSOLUTE
    ../clib/signal.s                         0x00000000   Number         0  defsig.o ABSOLUTE
    ../clib/stdlib.c                         0x00000000   Number         0  exit.o ABSOLUTE
    ../clib/string.c                         0x00000000   Number         0  strtok.o ABSOLUTE
    ../clib/string.c                         0x00000000   Number         0  strlen.o ABSOLUTE
    ../clib/string.c                         0x00000000   Number         0  strtok_int.o ABSOLUTE
    ../clib/string.c                         0x00000000   Number         0  strcspn.o ABSOLUTE
    ../clib/string.c                         0x00000000   Number         0  strspn.o ABSOLUTE
    ../fplib/fpinit.s                        0x00000000   Number         0  fpinit.o ABSOLUTE
    MockProject_main.c                       0x00000000   Number         0  mockproject_main.o ABSOLUTE
    RTE\Device\S32K144HAxxxLLx\startup_S32K144.S 0x00000000   Number         0  startup_s32k144.o ABSOLUTE
    dc.s                                     0x00000000   Number         0  dc.o ABSOLUTE
    startup.c                                0x00000000   Number         0  startup.o ABSOLUTE
    system_S32K144.c                         0x00000000   Number         0  system_s32k144.o ABSOLUTE
    RESET                                    0x00000000   Section      560  startup_s32k144.o(RESET)
    FlashConfig                              0x00000400   Section       16  startup_s32k144.o(FlashConfig)
    .L__const.LPIT0_Ch3_IRQHandler.Month_days 0x00000410   Data          26  mockproject_main.o(.rodata..L__const.LPIT0_Ch3_IRQHandler.Month_days)
    s_vectors                                0x0000042c   Data           4  startup.o(.rodata.s_vectors)
    [Anonymous Symbol]                       0x0000042c   Section        0  startup.o(.rodata.s_vectors)
    .L.str                                   0x00000430   Data           2  mockproject_main.o(.rodata.str1.1)
    [Anonymous Symbol]                       0x00000430   Section        0  mockproject_main.o(.rodata.str1.1)
    locale$$data                             0x00000434   Section      272  lc_ctype_c.o(locale$$data)
    __lcctype_c_name                         0x00000438   Data           2  lc_ctype_c.o(locale$$data)
    __lcctype_c_start                        0x00000440   Data           0  lc_ctype_c.o(locale$$data)
    __lcctype_c_end                          0x00000544   Data           0  lc_ctype_c.o(locale$$data)
    !!!main                                  0x00000548   Section        8  __main.o(!!!main)
    !!!scatter                               0x00000550   Section       52  __scatter.o(!!!scatter)
    !!handler_copy                           0x00000584   Section       26  __scatter_copy.o(!!handler_copy)
    !!handler_zi                             0x000005a0   Section       28  __scatter_zi.o(!!handler_zi)
    .ARM.Collect$$libinit$$00000000          0x000005bc   Section        2  libinit.o(.ARM.Collect$$libinit$$00000000)
    .ARM.Collect$$libinit$$00000001          0x000005be   Section        4  libinit2.o(.ARM.Collect$$libinit$$00000001)
    .ARM.Collect$$libinit$$00000004          0x000005c2   Section        0  libinit2.o(.ARM.Collect$$libinit$$00000004)
    .ARM.Collect$$libinit$$00000006          0x000005c2   Section        0  libinit2.o(.ARM.Collect$$libinit$$00000006)
    .ARM.Collect$$libinit$$0000000C          0x000005c2   Section        0  libinit2.o(.ARM.Collect$$libinit$$0000000C)
    .ARM.Collect$$libinit$$0000000E          0x000005c2   Section        0  libinit2.o(.ARM.Collect$$libinit$$0000000E)
    .ARM.Collect$$libinit$$00000010          0x000005c2   Section        0  libinit2.o(.ARM.Collect$$libinit$$00000010)
    .ARM.Collect$$libinit$$00000011          0x000005c2   Section        6  libinit2.o(.ARM.Collect$$libinit$$00000011)
    .ARM.Collect$$libinit$$00000013          0x000005c8   Section        0  libinit2.o(.ARM.Collect$$libinit$$00000013)
    .ARM.Collect$$libinit$$00000014          0x000005c8   Section       12  libinit2.o(.ARM.Collect$$libinit$$00000014)
    .ARM.Collect$$libinit$$00000015          0x000005d4   Section        0  libinit2.o(.ARM.Collect$$libinit$$00000015)
    .ARM.Collect$$libinit$$00000017          0x000005d4   Section        0  libinit2.o(.ARM.Collect$$libinit$$00000017)
    .ARM.Collect$$libinit$$00000019          0x000005d4   Section        0  libinit2.o(.ARM.Collect$$libinit$$00000019)
    .ARM.Collect$$libinit$$0000001B          0x000005d4   Section        0  libinit2.o(.ARM.Collect$$libinit$$0000001B)
    .ARM.Collect$$libinit$$0000001D          0x000005d4   Section        0  libinit2.o(.ARM.Collect$$libinit$$0000001D)
    .ARM.Collect$$libinit$$0000001F          0x000005d4   Section        0  libinit2.o(.ARM.Collect$$libinit$$0000001F)
    .ARM.Collect$$libinit$$00000021          0x000005d4   Section        0  libinit2.o(.ARM.Collect$$libinit$$00000021)
    .ARM.Collect$$libinit$$00000023          0x000005d4   Section        0  libinit2.o(.ARM.Collect$$libinit$$00000023)
    .ARM.Collect$$libinit$$00000025          0x000005d4   Section        0  libinit2.o(.ARM.Collect$$libinit$$00000025)
    .ARM.Collect$$libinit$$00000027          0x000005d4   Section        0  libinit2.o(.ARM.Collect$$libinit$$00000027)
    .ARM.Collect$$libinit$$0000002E          0x000005d4   Section        0  libinit2.o(.ARM.Collect$$libinit$$0000002E)
    .ARM.Collect$$libinit$$00000030          0x000005d4   Section        0  libinit2.o(.ARM.Collect$$libinit$$00000030)
    .ARM.Collect$$libinit$$00000032          0x000005d4   Section        0  libinit2.o(.ARM.Collect$$libinit$$00000032)
    .ARM.Collect$$libinit$$00000034          0x000005d4   Section        0  libinit2.o(.ARM.Collect$$libinit$$00000034)
    .ARM.Collect$$libinit$$00000035          0x000005d4   Section        2  libinit2.o(.ARM.Collect$$libinit$$00000035)
    .ARM.Collect$$libshutdown$$00000000      0x000005d6   Section        2  libshutdown.o(.ARM.Collect$$libshutdown$$00000000)
    .ARM.Collect$$libshutdown$$00000002      0x000005d8   Section        0  libshutdown2.o(.ARM.Collect$$libshutdown$$00000002)
    .ARM.Collect$$libshutdown$$00000004      0x000005d8   Section        0  libshutdown2.o(.ARM.Collect$$libshutdown$$00000004)
    .ARM.Collect$$libshutdown$$00000007      0x000005d8   Section        0  libshutdown2.o(.ARM.Collect$$libshutdown$$00000007)
    .ARM.Collect$$libshutdown$$0000000A      0x000005d8   Section        0  libshutdown2.o(.ARM.Collect$$libshutdown$$0000000A)
    .ARM.Collect$$libshutdown$$0000000C      0x000005d8   Section        0  libshutdown2.o(.ARM.Collect$$libshutdown$$0000000C)
    .ARM.Collect$$libshutdown$$0000000F      0x000005d8   Section        0  libshutdown2.o(.ARM.Collect$$libshutdown$$0000000F)
    .ARM.Collect$$libshutdown$$00000010      0x000005d8   Section        2  libshutdown2.o(.ARM.Collect$$libshutdown$$00000010)
    .ARM.Collect$$rtentry$$00000000          0x000005da   Section        0  __rtentry.o(.ARM.Collect$$rtentry$$00000000)
    .ARM.Collect$$rtentry$$00000002          0x000005da   Section        0  __rtentry2.o(.ARM.Collect$$rtentry$$00000002)
    .ARM.Collect$$rtentry$$00000007          0x000005da   Section        4  __rtentry7.o(.ARM.Collect$$rtentry$$00000007)
    .ARM.Collect$$rtentry$$00000009          0x000005de   Section        0  __rtentry2.o(.ARM.Collect$$rtentry$$00000009)
    .ARM.Collect$$rtentry$$0000000A          0x000005de   Section        4  __rtentry2.o(.ARM.Collect$$rtentry$$0000000A)
    .ARM.Collect$$rtentry$$0000000C          0x000005e2   Section        0  __rtentry2.o(.ARM.Collect$$rtentry$$0000000C)
    .ARM.Collect$$rtentry$$0000000D          0x000005e2   Section        8  __rtentry2.o(.ARM.Collect$$rtentry$$0000000D)
    __lit__00000000                          0x000005ec   Data           4  __rtentry7.o(.ARM.Collect$$rtentry$$00002718)
    .ARM.Collect$$rtentry$$00002718          0x000005ec   Section        4  __rtentry7.o(.ARM.Collect$$rtentry$$00002718)
    .ARM.Collect$$rtexit$$00000000           0x000005f0   Section        2  rtexit.o(.ARM.Collect$$rtexit$$00000000)
    .ARM.Collect$$rtexit$$00000002           0x000005f2   Section        0  rtexit2.o(.ARM.Collect$$rtexit$$00000002)
    .ARM.Collect$$rtexit$$00000003           0x000005f2   Section        4  rtexit2.o(.ARM.Collect$$rtexit$$00000003)
    .ARM.Collect$$rtexit$$00000004           0x000005f6   Section        6  rtexit2.o(.ARM.Collect$$rtexit$$00000004)
    .text                                    0x000005fc   Section      156  startup_s32k144.o(.text)
    $v0                                      0x00000650   Number         0  startup_s32k144.o(.text)
    .text                                    0x00000698   Section        0  atoi.o(.text)
    .text                                    0x000006b4   Section        0  strtok.o(.text)
    .text                                    0x000006c0   Section        0  strlen.o(.text)
    .text                                    0x000006fe   Section      138  rt_memcpy_v6.o(.text)
    .text                                    0x00000788   Section        8  rt_errno_addr_intlibspace.o(.text)
    .text                                    0x00000790   Section        0  strtol.o(.text)
    .text                                    0x00000800   Section        0  strtok_int.o(.text)
    .text                                    0x00000844   Section      100  rt_memcpy_w.o(.text)
    .text                                    0x000008a8   Section       16  rt_ctype_table.o(.text)
    .text                                    0x000008b8   Section        0  _strtoul.o(.text)
    .text                                    0x00000956   Section        0  strcspn.o(.text)
    .text                                    0x00000976   Section        0  strspn.o(.text)
    .text                                    0x00000994   Section        8  rt_locale_intlibspace.o(.text)
    .text                                    0x0000099c   Section        0  _chval.o(.text)
    .text                                    0x000009b8   Section        0  exit.o(.text)
    .text                                    0x000009d0   Section      124  strcmpv7em.o(.text)
    .text                                    0x00000a4c   Section        2  use_no_semi.o(.text)
    .text                                    0x00000a4e   Section        0  indicate_semi.o(.text)
    .text                                    0x00000a50   Section        0  sys_exit.o(.text)
    [Anonymous Symbol]                       0x00000a5c   Section        0  mockproject_main.o(.text.ADC_Module)
    [Anonymous Symbol]                       0x00000ae0   Section        0  mockproject_main.o(.text.Display_Date_In_Led)
    [Anonymous Symbol]                       0x00000c40   Section        0  mockproject_main.o(.text.Display_Time_In_Led)
    [Anonymous Symbol]                       0x00000d60   Section        0  mockproject_main.o(.text.Handler_Feature_Two_Button)
    [Anonymous Symbol]                       0x00000dd8   Section        0  mockproject_main.o(.text.Initalize_LPSPI0_Master)
    [Anonymous Symbol]                       0x00000ea8   Section        0  mockproject_main.o(.text.Initalize_Slave_8DigitLed_MAX7219)
    [Anonymous Symbol]                       0x00000ed4   Section        0  mockproject_main.o(.text.Initialize_ADC0)
    [Anonymous Symbol]                       0x00000f40   Section        0  mockproject_main.o(.text.Initialize_Button)
    [Anonymous Symbol]                       0x00000fac   Section        0  mockproject_main.o(.text.Initialize_LPIT)
    [Anonymous Symbol]                       0x00001010   Section        0  mockproject_main.o(.text.Initialize_LPUART1)
    [Anonymous Symbol]                       0x000010a0   Section        0  mockproject_main.o(.text.LPIT0_Ch3_IRQHandler)
    [Anonymous Symbol]                       0x00001204   Section        0  mockproject_main.o(.text.LPSPI_TransmitData)
    [Anonymous Symbol]                       0x00001250   Section        0  mockproject_main.o(.text.LPUART1_RxTx_IRQHandler)
    [Anonymous Symbol]                       0x00001430   Section        0  mockproject_main.o(.text.Leap_Year)
    [Anonymous Symbol]                       0x000014a0   Section        0  mockproject_main.o(.text.PORTC_IRQHandler)
    [Anonymous Symbol]                       0x00001520   Section        0  system_s32k144.o(.text.SystemInit)
    [Anonymous Symbol]                       0x00001574   Section        0  startup.o(.text.init_data_bss)
    [Anonymous Symbol]                       0x00001614   Section        0  mockproject_main.o(.text.main)
    locale$$code                             0x00001640   Section       44  lc_ctype_c.o(locale$$code)
    $v0                                      0x0000166c   Number         0  fpinit.o(x$fpl$fpinit)
    x$fpl$fpinit                             0x0000166c   Section       26  fpinit.o(x$fpl$fpinit)
    _strtok_saves1                           0x1fff8400   Data           4  strtok.o(.data)
    .data                                    0x1fff8400   Section        4  strtok.o(.data)
    Day                                      0x1fff8404   Data           2  mockproject_main.o(.data.Day)
    [Anonymous Symbol]                       0x1fff8404   Section        0  mockproject_main.o(.data.Day)
    Flag_Button                              0x1fff8406   Data           1  mockproject_main.o(.data.Flag_Button)
    [Anonymous Symbol]                       0x1fff8406   Section        0  mockproject_main.o(.data.Flag_Button)
    Month                                    0x1fff8408   Data           2  mockproject_main.o(.data.Month)
    [Anonymous Symbol]                       0x1fff8408   Section        0  mockproject_main.o(.data.Month)
    Year                                     0x1fff840c   Data           4  mockproject_main.o(.data.Year)
    [Anonymous Symbol]                       0x1fff840c   Section        0  mockproject_main.o(.data.Year)
    .bss                                     0x20000000   Section       96  libspace.o(.bss)
    Check_Data_Receiver                      0x20000060   Data           1  mockproject_main.o(.bss.Check_Data_Receiver)
    [Anonymous Symbol]                       0x20000060   Section        0  mockproject_main.o(.bss.Check_Data_Receiver)
    Check_String_Receiver                    0x20000061   Data          20  mockproject_main.o(.bss.Check_String_Receiver)
    [Anonymous Symbol]                       0x20000061   Section        0  mockproject_main.o(.bss.Check_String_Receiver)
    Hour                                     0x20000076   Data           2  mockproject_main.o(.bss.Hour)
    [Anonymous Symbol]                       0x20000076   Section        0  mockproject_main.o(.bss.Hour)
    Intensity                                0x20000078   Data           2  mockproject_main.o(.bss.Intensity)
    [Anonymous Symbol]                       0x20000078   Section        0  mockproject_main.o(.bss.Intensity)
    Min                                      0x2000007a   Data           2  mockproject_main.o(.bss.Min)
    [Anonymous Symbol]                       0x2000007a   Section        0  mockproject_main.o(.bss.Min)
    Receiver_Data_ADC                        0x2000007c   Data           4  mockproject_main.o(.bss.Receiver_Data_ADC)
    [Anonymous Symbol]                       0x2000007c   Section        0  mockproject_main.o(.bss.Receiver_Data_ADC)
    Receiver_String_Len                      0x20000080   Data           1  mockproject_main.o(.bss.Receiver_String_Len)
    [Anonymous Symbol]                       0x20000080   Section        0  mockproject_main.o(.bss.Receiver_String_Len)
    Sec                                      0x20000082   Data           2  mockproject_main.o(.bss.Sec)
    [Anonymous Symbol]                       0x20000082   Section        0  mockproject_main.o(.bss.Sec)
    State_Button1                            0x20000084   Data           4  mockproject_main.o(.bss.State_Button1)
    [Anonymous Symbol]                       0x20000084   Section        0  mockproject_main.o(.bss.State_Button1)
    State_Button2                            0x20000088   Data           4  mockproject_main.o(.bss.State_Button2)
    [Anonymous Symbol]                       0x20000088   Section        0  mockproject_main.o(.bss.State_Button2)

    Global Symbols

    Symbol Name                              Value     Ov Type        Size  Object(Section)

    BuildAttributes$$THM_ISAv4$E$P$D$K$B$S$7EM$VFPi3$EXTD16$VFPS$VFMA$PE$A:L22UL41UL21$X:L11$S22US41US21$IEEE1$IW$~IW$USESV6$~STKCKD$USESV7$~SHL$OSPACE$ROPI$EBA8$UX$STANDARDLIB$REQ8$PRES8$EABIv2 0x00000000   Number         0  anon$$obj.o ABSOLUTE
    Image$$RW_m_code$$Length                 0x00000000   Number         0  anon$$obj.o ABSOLUTE
    Image$$VECTOR_RAM$$Length                0x00000000   Number         0  anon$$obj.o ABSOLUTE
    Image$$VECTOR_ROM$$Base                  0x00000000   Number         0  anon$$obj.o ABSOLUTE
    __Vectors                                0x00000000   Data           4  startup_s32k144.o(RESET)
    Image$$ZI$$Limit                          - Undefined Weak Reference
    __ARM_exceptions_init                     - Undefined Weak Reference
    __alloca_initialize                       - Undefined Weak Reference
    __arm_preinit_                            - Undefined Weak Reference
    __arm_relocate_pie_                       - Undefined Weak Reference
    __cpp_initialize__aeabi_                  - Undefined Weak Reference
    __cxa_finalize                            - Undefined Weak Reference
    __sigvec_lookup                           - Undefined Weak Reference
    _atexit_init                              - Undefined Weak Reference
    _call_atexit_fns                          - Undefined Weak Reference
    _clock_init                               - Undefined Weak Reference
    _fp_trap_init                             - Undefined Weak Reference
    _fp_trap_shutdown                         - Undefined Weak Reference
    _get_lc_collate                           - Undefined Weak Reference
    _get_lc_monetary                          - Undefined Weak Reference
    _get_lc_numeric                           - Undefined Weak Reference
    _get_lc_time                              - Undefined Weak Reference
    _getenv_init                              - Undefined Weak Reference
    _handle_redirection                       - Undefined Weak Reference
    _init_alloc                               - Undefined Weak Reference
    _init_user_alloc                          - Undefined Weak Reference
    _initio                                   - Undefined Weak Reference
    _rand_init                                - Undefined Weak Reference
    _signal_finish                            - Undefined Weak Reference
    _signal_init                              - Undefined Weak Reference
    _terminate_alloc                          - Undefined Weak Reference
    _terminate_user_alloc                     - Undefined Weak Reference
    _terminateio                              - Undefined Weak Reference
    Image$$RW_m_data$$Length                 0x00000010   Number         0  anon$$obj.o ABSOLUTE
    Image$$VECTOR_ROM$$Length                0x00000230   Number         0  anon$$obj.o ABSOLUTE
    Image$$VECTOR_ROM$$Limit                 0x00000230   Number         0  anon$$obj.o ABSOLUTE
    Image$$ER_m_text_const$$Base             0x00000410   Number         0  anon$$obj.o ABSOLUTE
    __ctype                                  0x00000441   Data           0  lc_ctype_c.o(locale$$data)
    Image$$ER_m_text_const$$Limit            0x00000544   Number         0  anon$$obj.o ABSOLUTE
    __main                                   0x00000549   Thumb Code     8  __main.o(!!!main)
    __scatterload                            0x00000551   Thumb Code     0  __scatter.o(!!!scatter)
    __scatterload_rt2                        0x00000551   Thumb Code    44  __scatter.o(!!!scatter)
    __scatterload_rt2_thumb_only             0x00000551   Thumb Code     0  __scatter.o(!!!scatter)
    __scatterload_null                       0x0000055f   Thumb Code     0  __scatter.o(!!!scatter)
    __scatterload_copy                       0x00000585   Thumb Code    26  __scatter_copy.o(!!handler_copy)
    __scatterload_zeroinit                   0x000005a1   Thumb Code    28  __scatter_zi.o(!!handler_zi)
    __rt_lib_init                            0x000005bd   Thumb Code     0  libinit.o(.ARM.Collect$$libinit$$00000000)
    __rt_lib_init_fp_1                       0x000005bf   Thumb Code     0  libinit2.o(.ARM.Collect$$libinit$$00000001)
    __rt_lib_init_heap_1                     0x000005c3   Thumb Code     0  libinit2.o(.ARM.Collect$$libinit$$0000000C)
    __rt_lib_init_lc_common                  0x000005c3   Thumb Code     0  libinit2.o(.ARM.Collect$$libinit$$00000011)
    __rt_lib_init_preinit_1                  0x000005c3   Thumb Code     0  libinit2.o(.ARM.Collect$$libinit$$00000006)
    __rt_lib_init_rand_1                     0x000005c3   Thumb Code     0  libinit2.o(.ARM.Collect$$libinit$$00000010)
    __rt_lib_init_relocate_pie_1             0x000005c3   Thumb Code     0  libinit2.o(.ARM.Collect$$libinit$$00000004)
    __rt_lib_init_user_alloc_1               0x000005c3   Thumb Code     0  libinit2.o(.ARM.Collect$$libinit$$0000000E)
    __rt_lib_init_lc_collate_1               0x000005c9   Thumb Code     0  libinit2.o(.ARM.Collect$$libinit$$00000013)
    __rt_lib_init_lc_ctype_2                 0x000005c9   Thumb Code     0  libinit2.o(.ARM.Collect$$libinit$$00000014)
    __rt_lib_init_alloca_1                   0x000005d5   Thumb Code     0  libinit2.o(.ARM.Collect$$libinit$$00000030)
    __rt_lib_init_argv_1                     0x000005d5   Thumb Code     0  libinit2.o(.ARM.Collect$$libinit$$0000002E)
    __rt_lib_init_atexit_1                   0x000005d5   Thumb Code     0  libinit2.o(.ARM.Collect$$libinit$$0000001D)
    __rt_lib_init_clock_1                    0x000005d5   Thumb Code     0  libinit2.o(.ARM.Collect$$libinit$$00000023)
    __rt_lib_init_cpp_1                      0x000005d5   Thumb Code     0  libinit2.o(.ARM.Collect$$libinit$$00000034)
    __rt_lib_init_exceptions_1               0x000005d5   Thumb Code     0  libinit2.o(.ARM.Collect$$libinit$$00000032)
    __rt_lib_init_fp_trap_1                  0x000005d5   Thumb Code     0  libinit2.o(.ARM.Collect$$libinit$$00000021)
    __rt_lib_init_getenv_1                   0x000005d5   Thumb Code     0  libinit2.o(.ARM.Collect$$libinit$$00000025)
    __rt_lib_init_lc_ctype_1                 0x000005d5   Thumb Code     0  libinit2.o(.ARM.Collect$$libinit$$00000015)
    __rt_lib_init_lc_monetary_1              0x000005d5   Thumb Code     0  libinit2.o(.ARM.Collect$$libinit$$00000017)
    __rt_lib_init_lc_numeric_1               0x000005d5   Thumb Code     0  libinit2.o(.ARM.Collect$$libinit$$00000019)
    __rt_lib_init_lc_time_1                  0x000005d5   Thumb Code     0  libinit2.o(.ARM.Collect$$libinit$$0000001B)
    __rt_lib_init_return                     0x000005d5   Thumb Code     0  libinit2.o(.ARM.Collect$$libinit$$00000035)
    __rt_lib_init_signal_1                   0x000005d5   Thumb Code     0  libinit2.o(.ARM.Collect$$libinit$$0000001F)
    __rt_lib_init_stdio_1                    0x000005d5   Thumb Code     0  libinit2.o(.ARM.Collect$$libinit$$00000027)
    __rt_lib_shutdown                        0x000005d7   Thumb Code     0  libshutdown.o(.ARM.Collect$$libshutdown$$00000000)
    __rt_lib_shutdown_cpp_1                  0x000005d9   Thumb Code     0  libshutdown2.o(.ARM.Collect$$libshutdown$$00000002)
    __rt_lib_shutdown_fp_trap_1              0x000005d9   Thumb Code     0  libshutdown2.o(.ARM.Collect$$libshutdown$$00000007)
    __rt_lib_shutdown_heap_1                 0x000005d9   Thumb Code     0  libshutdown2.o(.ARM.Collect$$libshutdown$$0000000F)
    __rt_lib_shutdown_return                 0x000005d9   Thumb Code     0  libshutdown2.o(.ARM.Collect$$libshutdown$$00000010)
    __rt_lib_shutdown_signal_1               0x000005d9   Thumb Code     0  libshutdown2.o(.ARM.Collect$$libshutdown$$0000000A)
    __rt_lib_shutdown_stdio_1                0x000005d9   Thumb Code     0  libshutdown2.o(.ARM.Collect$$libshutdown$$00000004)
    __rt_lib_shutdown_user_alloc_1           0x000005d9   Thumb Code     0  libshutdown2.o(.ARM.Collect$$libshutdown$$0000000C)
    __rt_entry                               0x000005db   Thumb Code     0  __rtentry.o(.ARM.Collect$$rtentry$$00000000)
    __rt_entry_presh_1                       0x000005db   Thumb Code     0  __rtentry2.o(.ARM.Collect$$rtentry$$00000002)
    __rt_entry_sh                            0x000005db   Thumb Code     0  __rtentry7.o(.ARM.Collect$$rtentry$$00000007)
    __rt_entry_li                            0x000005df   Thumb Code     0  __rtentry2.o(.ARM.Collect$$rtentry$$0000000A)
    __rt_entry_postsh_1                      0x000005df   Thumb Code     0  __rtentry2.o(.ARM.Collect$$rtentry$$00000009)
    __rt_entry_main                          0x000005e3   Thumb Code     0  __rtentry2.o(.ARM.Collect$$rtentry$$0000000D)
    __rt_entry_postli_1                      0x000005e3   Thumb Code     0  __rtentry2.o(.ARM.Collect$$rtentry$$0000000C)
    __rt_exit                                0x000005f1   Thumb Code     0  rtexit.o(.ARM.Collect$$rtexit$$00000000)
    __rt_exit_ls                             0x000005f3   Thumb Code     0  rtexit2.o(.ARM.Collect$$rtexit$$00000003)
    __rt_exit_prels_1                        0x000005f3   Thumb Code     0  rtexit2.o(.ARM.Collect$$rtexit$$00000002)
    __rt_exit_exit                           0x000005f7   Thumb Code     0  rtexit2.o(.ARM.Collect$$rtexit$$00000004)
    __RAM_VECTOR_TABLE_SIZE                  0x000005fc   Data           4  startup_s32k144.o(.text)
    __VECTOR_RAM                             0x00000600   Data           4  startup_s32k144.o(.text)
    __VECTOR_ROM                             0x00000604   Data           4  startup_s32k144.o(.text)
    __VECTOR_ROM_START                       0x00000608   Data           4  startup_s32k144.o(.text)
    __VECTOR_ROM_END                         0x0000060c   Data           4  startup_s32k144.o(.text)
    __CODE_ROM                               0x00000610   Data           4  startup_s32k144.o(.text)
    __CODE_END                               0x00000614   Data           4  startup_s32k144.o(.text)
    __CODE_RAM                               0x00000618   Data           4  startup_s32k144.o(.text)
    __CODE_RAM_START                         0x0000061c   Data           4  startup_s32k144.o(.text)
    __CODE_RAM_END                           0x00000620   Data           4  startup_s32k144.o(.text)
    __BSS_START                              0x00000624   Data           4  startup_s32k144.o(.text)
    __BSS_END                                0x00000628   Data           4  startup_s32k144.o(.text)
    __DATA_RAM                               0x0000062c   Data           4  startup_s32k144.o(.text)
    __DATA_RAM_START                         0x00000630   Data           4  startup_s32k144.o(.text)
    __DATA_RAM_END                           0x00000634   Data           4  startup_s32k144.o(.text)
    __DATA_ROM                               0x00000638   Data           4  startup_s32k144.o(.text)
    __DATA_END                               0x0000063c   Data           4  startup_s32k144.o(.text)
    __CUSTOM_SECTION_START                   0x00000640   Data           4  startup_s32k144.o(.text)
    __CUSTOM_SECTION_END                     0x00000644   Data           4  startup_s32k144.o(.text)
    __RAM_START                              0x00000648   Data           4  startup_s32k144.o(.text)
    __RAM_END                                0x0000064c   Data           4  startup_s32k144.o(.text)
    Reset_Handler                            0x00000651   Thumb Code    28  startup_s32k144.o(.text)
    NMI_Handler                              0x0000066d   Thumb Code     2  startup_s32k144.o(.text)
    HardFault_Handler                        0x0000066f   Thumb Code     2  startup_s32k144.o(.text)
    MemManage_Handler                        0x00000671   Thumb Code     2  startup_s32k144.o(.text)
    BusFault_Handler                         0x00000673   Thumb Code     2  startup_s32k144.o(.text)
    UsageFault_Handler                       0x00000675   Thumb Code     2  startup_s32k144.o(.text)
    SVC_Handler                              0x00000677   Thumb Code     2  startup_s32k144.o(.text)
    DebugMon_Handler                         0x00000679   Thumb Code     2  startup_s32k144.o(.text)
    PendSV_Handler                           0x0000067b   Thumb Code     2  startup_s32k144.o(.text)
    SysTick_Handler                          0x0000067d   Thumb Code     2  startup_s32k144.o(.text)
    DefaultISR                               0x0000067f   Thumb Code     2  startup_s32k144.o(.text)
    ADC0_IRQHandler                          0x00000681   Thumb Code     0  startup_s32k144.o(.text)
    ADC1_IRQHandler                          0x00000681   Thumb Code     0  startup_s32k144.o(.text)
    CAN0_Error_IRQHandler                    0x00000681   Thumb Code     0  startup_s32k144.o(.text)
    CAN0_ORed_0_15_MB_IRQHandler             0x00000681   Thumb Code     0  startup_s32k144.o(.text)
    CAN0_ORed_16_31_MB_IRQHandler            0x00000681   Thumb Code     0  startup_s32k144.o(.text)
    CAN0_ORed_IRQHandler                     0x00000681   Thumb Code     0  startup_s32k144.o(.text)
    CAN0_Wake_Up_IRQHandler                  0x00000681   Thumb Code     0  startup_s32k144.o(.text)
    CAN1_Error_IRQHandler                    0x00000681   Thumb Code     0  startup_s32k144.o(.text)
    CAN1_ORed_0_15_MB_IRQHandler             0x00000681   Thumb Code     0  startup_s32k144.o(.text)
    CAN1_ORed_IRQHandler                     0x00000681   Thumb Code     0  startup_s32k144.o(.text)
    CAN2_Error_IRQHandler                    0x00000681   Thumb Code     0  startup_s32k144.o(.text)
    CAN2_ORed_0_15_MB_IRQHandler             0x00000681   Thumb Code     0  startup_s32k144.o(.text)
    CAN2_ORed_IRQHandler                     0x00000681   Thumb Code     0  startup_s32k144.o(.text)
    CMP0_IRQHandler                          0x00000681   Thumb Code     0  startup_s32k144.o(.text)
    DMA0_IRQHandler                          0x00000681   Thumb Code     0  startup_s32k144.o(.text)
    DMA10_IRQHandler                         0x00000681   Thumb Code     0  startup_s32k144.o(.text)
    DMA11_IRQHandler                         0x00000681   Thumb Code     0  startup_s32k144.o(.text)
    DMA12_IRQHandler                         0x00000681   Thumb Code     0  startup_s32k144.o(.text)
    DMA13_IRQHandler                         0x00000681   Thumb Code     0  startup_s32k144.o(.text)
    DMA14_IRQHandler                         0x00000681   Thumb Code     0  startup_s32k144.o(.text)
    DMA15_IRQHandler                         0x00000681   Thumb Code     0  startup_s32k144.o(.text)
    DMA1_IRQHandler                          0x00000681   Thumb Code     0  startup_s32k144.o(.text)
    DMA2_IRQHandler                          0x00000681   Thumb Code     0  startup_s32k144.o(.text)
    DMA3_IRQHandler                          0x00000681   Thumb Code     0  startup_s32k144.o(.text)
    DMA4_IRQHandler                          0x00000681   Thumb Code     0  startup_s32k144.o(.text)
    DMA5_IRQHandler                          0x00000681   Thumb Code     0  startup_s32k144.o(.text)
    DMA6_IRQHandler                          0x00000681   Thumb Code     0  startup_s32k144.o(.text)
    DMA7_IRQHandler                          0x00000681   Thumb Code     0  startup_s32k144.o(.text)
    DMA8_IRQHandler                          0x00000681   Thumb Code     0  startup_s32k144.o(.text)
    DMA9_IRQHandler                          0x00000681   Thumb Code     0  startup_s32k144.o(.text)
    DMA_Error_IRQHandler                     0x00000681   Thumb Code     0  startup_s32k144.o(.text)
    ERM_double_fault_IRQHandler              0x00000681   Thumb Code     0  startup_s32k144.o(.text)
    ERM_single_fault_IRQHandler              0x00000681   Thumb Code     0  startup_s32k144.o(.text)
    FLEXIO_IRQHandler                        0x00000681   Thumb Code     0  startup_s32k144.o(.text)
    FTFC_Fault_IRQHandler                    0x00000681   Thumb Code     0  startup_s32k144.o(.text)
    FTFC_IRQHandler                          0x00000681   Thumb Code     0  startup_s32k144.o(.text)
    FTM0_Ch0_Ch1_IRQHandler                  0x00000681   Thumb Code     0  startup_s32k144.o(.text)
    FTM0_Ch2_Ch3_IRQHandler                  0x00000681   Thumb Code     0  startup_s32k144.o(.text)
    FTM0_Ch4_Ch5_IRQHandler                  0x00000681   Thumb Code     0  startup_s32k144.o(.text)
    FTM0_Ch6_Ch7_IRQHandler                  0x00000681   Thumb Code     0  startup_s32k144.o(.text)
    FTM0_Fault_IRQHandler                    0x00000681   Thumb Code     0  startup_s32k144.o(.text)
    FTM0_Ovf_Reload_IRQHandler               0x00000681   Thumb Code     0  startup_s32k144.o(.text)
    FTM1_Ch0_Ch1_IRQHandler                  0x00000681   Thumb Code     0  startup_s32k144.o(.text)
    FTM1_Ch2_Ch3_IRQHandler                  0x00000681   Thumb Code     0  startup_s32k144.o(.text)
    FTM1_Ch4_Ch5_IRQHandler                  0x00000681   Thumb Code     0  startup_s32k144.o(.text)
    FTM1_Ch6_Ch7_IRQHandler                  0x00000681   Thumb Code     0  startup_s32k144.o(.text)
    FTM1_Fault_IRQHandler                    0x00000681   Thumb Code     0  startup_s32k144.o(.text)
    FTM1_Ovf_Reload_IRQHandler               0x00000681   Thumb Code     0  startup_s32k144.o(.text)
    FTM2_Ch0_Ch1_IRQHandler                  0x00000681   Thumb Code     0  startup_s32k144.o(.text)
    FTM2_Ch2_Ch3_IRQHandler                  0x00000681   Thumb Code     0  startup_s32k144.o(.text)
    FTM2_Ch4_Ch5_IRQHandler                  0x00000681   Thumb Code     0  startup_s32k144.o(.text)
    FTM2_Ch6_Ch7_IRQHandler                  0x00000681   Thumb Code     0  startup_s32k144.o(.text)
    FTM2_Fault_IRQHandler                    0x00000681   Thumb Code     0  startup_s32k144.o(.text)
    FTM2_Ovf_Reload_IRQHandler               0x00000681   Thumb Code     0  startup_s32k144.o(.text)
    FTM3_Ch0_Ch1_IRQHandler                  0x00000681   Thumb Code     0  startup_s32k144.o(.text)
    FTM3_Ch2_Ch3_IRQHandler                  0x00000681   Thumb Code     0  startup_s32k144.o(.text)
    FTM3_Ch4_Ch5_IRQHandler                  0x00000681   Thumb Code     0  startup_s32k144.o(.text)
    FTM3_Ch6_Ch7_IRQHandler                  0x00000681   Thumb Code     0  startup_s32k144.o(.text)
    FTM3_Fault_IRQHandler                    0x00000681   Thumb Code     0  startup_s32k144.o(.text)
    FTM3_Ovf_Reload_IRQHandler               0x00000681   Thumb Code     0  startup_s32k144.o(.text)
    LPI2C0_Master_IRQHandler                 0x00000681   Thumb Code     0  startup_s32k144.o(.text)
    LPI2C0_Slave_IRQHandler                  0x00000681   Thumb Code     0  startup_s32k144.o(.text)
    LPIT0_Ch0_IRQHandler                     0x00000681   Thumb Code     0  startup_s32k144.o(.text)
    LPIT0_Ch1_IRQHandler                     0x00000681   Thumb Code     0  startup_s32k144.o(.text)
    LPIT0_Ch2_IRQHandler                     0x00000681   Thumb Code     0  startup_s32k144.o(.text)
    LPSPI0_IRQHandler                        0x00000681   Thumb Code     0  startup_s32k144.o(.text)
    LPSPI1_IRQHandler                        0x00000681   Thumb Code     0  startup_s32k144.o(.text)
    LPSPI2_IRQHandler                        0x00000681   Thumb Code     0  startup_s32k144.o(.text)
    LPTMR0_IRQHandler                        0x00000681   Thumb Code     0  startup_s32k144.o(.text)
    LPUART0_RxTx_IRQHandler                  0x00000681   Thumb Code     0  startup_s32k144.o(.text)
    LPUART2_RxTx_IRQHandler                  0x00000681   Thumb Code     0  startup_s32k144.o(.text)
    LVD_LVW_IRQHandler                       0x00000681   Thumb Code     0  startup_s32k144.o(.text)
    MCM_IRQHandler                           0x00000681   Thumb Code     0  startup_s32k144.o(.text)
    PDB0_IRQHandler                          0x00000681   Thumb Code     0  startup_s32k144.o(.text)
    PDB1_IRQHandler                          0x00000681   Thumb Code     0  startup_s32k144.o(.text)
    PORTA_IRQHandler                         0x00000681   Thumb Code     0  startup_s32k144.o(.text)
    PORTB_IRQHandler                         0x00000681   Thumb Code     0  startup_s32k144.o(.text)
    PORTD_IRQHandler                         0x00000681   Thumb Code     0  startup_s32k144.o(.text)
    PORTE_IRQHandler                         0x00000681   Thumb Code     0  startup_s32k144.o(.text)
    RCM_IRQHandler                           0x00000681   Thumb Code     0  startup_s32k144.o(.text)
    RTC_IRQHandler                           0x00000681   Thumb Code     0  startup_s32k144.o(.text)
    RTC_Seconds_IRQHandler                   0x00000681   Thumb Code     0  startup_s32k144.o(.text)
    Read_Collision_IRQHandler                0x00000681   Thumb Code     0  startup_s32k144.o(.text)
    Reserved100_IRQHandler                   0x00000681   Thumb Code     0  startup_s32k144.o(.text)
    Reserved103_IRQHandler                   0x00000681   Thumb Code     0  startup_s32k144.o(.text)
    Reserved105_IRQHandler                   0x00000681   Thumb Code     0  startup_s32k144.o(.text)
    Reserved106_IRQHandler                   0x00000681   Thumb Code     0  startup_s32k144.o(.text)
    Reserved107_IRQHandler                   0x00000681   Thumb Code     0  startup_s32k144.o(.text)
    Reserved110_IRQHandler                   0x00000681   Thumb Code     0  startup_s32k144.o(.text)
    Reserved112_IRQHandler                   0x00000681   Thumb Code     0  startup_s32k144.o(.text)
    Reserved113_IRQHandler                   0x00000681   Thumb Code     0  startup_s32k144.o(.text)
    Reserved114_IRQHandler                   0x00000681   Thumb Code     0  startup_s32k144.o(.text)
    Reserved45_IRQHandler                    0x00000681   Thumb Code     0  startup_s32k144.o(.text)
    Reserved46_IRQHandler                    0x00000681   Thumb Code     0  startup_s32k144.o(.text)
    Reserved48_IRQHandler                    0x00000681   Thumb Code     0  startup_s32k144.o(.text)
    Reserved50_IRQHandler                    0x00000681   Thumb Code     0  startup_s32k144.o(.text)
    Reserved52_IRQHandler                    0x00000681   Thumb Code     0  startup_s32k144.o(.text)
    Reserved53_IRQHandler                    0x00000681   Thumb Code     0  startup_s32k144.o(.text)
    Reserved54_IRQHandler                    0x00000681   Thumb Code     0  startup_s32k144.o(.text)
    Reserved58_IRQHandler                    0x00000681   Thumb Code     0  startup_s32k144.o(.text)
    Reserved59_IRQHandler                    0x00000681   Thumb Code     0  startup_s32k144.o(.text)
    Reserved69_IRQHandler                    0x00000681   Thumb Code     0  startup_s32k144.o(.text)
    Reserved70_IRQHandler                    0x00000681   Thumb Code     0  startup_s32k144.o(.text)
    Reserved71_IRQHandler                    0x00000681   Thumb Code     0  startup_s32k144.o(.text)
    Reserved72_IRQHandler                    0x00000681   Thumb Code     0  startup_s32k144.o(.text)
    Reserved81_IRQHandler                    0x00000681   Thumb Code     0  startup_s32k144.o(.text)
    Reserved82_IRQHandler                    0x00000681   Thumb Code     0  startup_s32k144.o(.text)
    Reserved83_IRQHandler                    0x00000681   Thumb Code     0  startup_s32k144.o(.text)
    Reserved86_IRQHandler                    0x00000681   Thumb Code     0  startup_s32k144.o(.text)
    Reserved87_IRQHandler                    0x00000681   Thumb Code     0  startup_s32k144.o(.text)
    Reserved88_IRQHandler                    0x00000681   Thumb Code     0  startup_s32k144.o(.text)
    Reserved89_IRQHandler                    0x00000681   Thumb Code     0  startup_s32k144.o(.text)
    Reserved90_IRQHandler                    0x00000681   Thumb Code     0  startup_s32k144.o(.text)
    Reserved91_IRQHandler                    0x00000681   Thumb Code     0  startup_s32k144.o(.text)
    Reserved92_IRQHandler                    0x00000681   Thumb Code     0  startup_s32k144.o(.text)
    Reserved93_IRQHandler                    0x00000681   Thumb Code     0  startup_s32k144.o(.text)
    Reserved99_IRQHandler                    0x00000681   Thumb Code     0  startup_s32k144.o(.text)
    SCG_IRQHandler                           0x00000681   Thumb Code     0  startup_s32k144.o(.text)
    SWI_IRQHandler                           0x00000681   Thumb Code     0  startup_s32k144.o(.text)
    WDOG_EWM_IRQHandler                      0x00000681   Thumb Code     0  startup_s32k144.o(.text)
    atoi                                     0x00000699   Thumb Code    26  atoi.o(.text)
    strtok                                   0x000006b5   Thumb Code     6  strtok.o(.text)
    strlen                                   0x000006c1   Thumb Code    62  strlen.o(.text)
    __aeabi_memcpy                           0x000006ff   Thumb Code     0  rt_memcpy_v6.o(.text)
    __rt_memcpy                              0x000006ff   Thumb Code   138  rt_memcpy_v6.o(.text)
    _memcpy_lastbytes                        0x00000765   Thumb Code     0  rt_memcpy_v6.o(.text)
    __aeabi_errno_addr                       0x00000789   Thumb Code     8  rt_errno_addr_intlibspace.o(.text)
    __errno$intlibspace                      0x00000789   Thumb Code     0  rt_errno_addr_intlibspace.o(.text)
    __rt_errno_addr$intlibspace              0x00000789   Thumb Code     0  rt_errno_addr_intlibspace.o(.text)
    strtol                                   0x00000791   Thumb Code   112  strtol.o(.text)
    __strtok_internal                        0x00000801   Thumb Code    64  strtok_int.o(.text)
    __aeabi_memcpy4                          0x00000845   Thumb Code     0  rt_memcpy_w.o(.text)
    __aeabi_memcpy8                          0x00000845   Thumb Code     0  rt_memcpy_w.o(.text)
    __rt_memcpy_w                            0x00000845   Thumb Code   100  rt_memcpy_w.o(.text)
    _memcpy_lastbytes_aligned                0x0000088d   Thumb Code     0  rt_memcpy_w.o(.text)
    __rt_ctype_table                         0x000008a9   Thumb Code    16  rt_ctype_table.o(.text)
    _strtoul                                 0x000008b9   Thumb Code   158  _strtoul.o(.text)
    strcspn                                  0x00000957   Thumb Code    32  strcspn.o(.text)
    strspn                                   0x00000977   Thumb Code    28  strspn.o(.text)
    __rt_locale                              0x00000995   Thumb Code     8  rt_locale_intlibspace.o(.text)
    _chval                                   0x0000099d   Thumb Code    28  _chval.o(.text)
    exit                                     0x000009b9   Thumb Code    18  exit.o(.text)
    strcmp                                   0x000009d1   Thumb Code   124  strcmpv7em.o(.text)
    __I$use$semihosting                      0x00000a4d   Thumb Code     0  use_no_semi.o(.text)
    __use_no_semihosting_swi                 0x00000a4d   Thumb Code     2  use_no_semi.o(.text)
    __semihosting_library_function           0x00000a4f   Thumb Code     0  indicate_semi.o(.text)
    _sys_exit                                0x00000a51   Thumb Code     8  sys_exit.o(.text)
    ADC_Module                               0x00000a5d   Thumb Code   132  mockproject_main.o(.text.ADC_Module)
    Display_Date_In_Led                      0x00000ae1   Thumb Code   350  mockproject_main.o(.text.Display_Date_In_Led)
    Display_Time_In_Led                      0x00000c41   Thumb Code   286  mockproject_main.o(.text.Display_Time_In_Led)
    Handler_Feature_Two_Button               0x00000d61   Thumb Code   118  mockproject_main.o(.text.Handler_Feature_Two_Button)
    Initalize_LPSPI0_Master                  0x00000dd9   Thumb Code   206  mockproject_main.o(.text.Initalize_LPSPI0_Master)
    Initalize_Slave_8DigitLed_MAX7219        0x00000ea9   Thumb Code    44  mockproject_main.o(.text.Initalize_Slave_8DigitLed_MAX7219)
    Initialize_ADC0                          0x00000ed5   Thumb Code   106  mockproject_main.o(.text.Initialize_ADC0)
    Initialize_Button                        0x00000f41   Thumb Code   106  mockproject_main.o(.text.Initialize_Button)
    Initialize_LPIT                          0x00000fad   Thumb Code   100  mockproject_main.o(.text.Initialize_LPIT)
    Initialize_LPUART1                       0x00001011   Thumb Code   144  mockproject_main.o(.text.Initialize_LPUART1)
    LPIT0_Ch3_IRQHandler                     0x000010a1   Thumb Code   356  mockproject_main.o(.text.LPIT0_Ch3_IRQHandler)
    LPSPI_TransmitData                       0x00001205   Thumb Code    76  mockproject_main.o(.text.LPSPI_TransmitData)
    LPUART1_RxTx_IRQHandler                  0x00001251   Thumb Code   480  mockproject_main.o(.text.LPUART1_RxTx_IRQHandler)
    Leap_Year                                0x00001431   Thumb Code   112  mockproject_main.o(.text.Leap_Year)
    PORTC_IRQHandler                         0x000014a1   Thumb Code   128  mockproject_main.o(.text.PORTC_IRQHandler)
    SystemInit                               0x00001521   Thumb Code    82  system_s32k144.o(.text.SystemInit)
    init_data_bss                            0x00001575   Thumb Code   160  startup.o(.text.init_data_bss)
    main                                     0x00001615   Thumb Code    44  mockproject_main.o(.text.main)
    _get_lc_ctype                            0x00001641   Thumb Code    44  lc_ctype_c.o(locale$$code)
    _fp_init                                 0x0000166d   Thumb Code    26  fpinit.o(x$fpl$fpinit)
    __fplib_config_fpu_vfp                   0x00001685   Thumb Code     0  fpinit.o(x$fpl$fpinit)
    __fplib_config_pureend_doubles           0x00001685   Thumb Code     0  fpinit.o(x$fpl$fpinit)
    Region$$Table$$Base                      0x00001688   Number         0  anon$$obj.o(Region$$Table)
    Image$$ER_m_text$$Limit                  0x000016a8   Number         0  anon$$obj.o ABSOLUTE
    Region$$Table$$Limit                     0x000016a8   Number         0  anon$$obj.o(Region$$Table)
    Image$$VECTOR_RAM$$Base                  0x1fff8000   Number         0  anon$$obj.o ABSOLUTE
    Image$$RW_m_data$$Base                   0x1fff8400   Number         0  anon$$obj.o ABSOLUTE
    Image$$RW_m_code$$Base                   0x1fff8410   Number         0  anon$$obj.o ABSOLUTE
    Image$$RW_m_code$$Limit                  0x1fff8410   Number         0  anon$$obj.o ABSOLUTE
    Image$$RW_m_data$$Limit                  0x1fff8410   Number         0  anon$$obj.o ABSOLUTE
    Image$$RW_m_custom_section$$Base         0x20000000   Number         0  anon$$obj.o ABSOLUTE
    Image$$RW_m_custom_section$$Limit        0x20000000   Number         0  anon$$obj.o ABSOLUTE
    Image$$RW_m_data_2$$ZI$$Base             0x20000000   Number         0  anon$$obj.o ABSOLUTE
    __libspace_start                         0x20000000   Data          96  libspace.o(.bss)
    __temporary_stack_top$libspace           0x20000060   Data           0  libspace.o(.bss)
    Image$$ARM_LIB_HEAP$$ZI$$Base            0x2000008c   Number         0  anon$$obj.o ABSOLUTE
    Image$$RW_m_data_2$$ZI$$Limit            0x2000008c   Number         0  anon$$obj.o ABSOLUTE
    Image$$ARM_LIB_HEAP$$ZI$$Limit           0x2000048c   Number         0  anon$$obj.o ABSOLUTE
    Image$$ARM_LIB_STACK$$Limit              0x20006c00   Number         0  anon$$obj.o ABSOLUTE
    Image$$ARM_LIB_STACK$$ZI$$Limit          0x20007000   Number         0  anon$$obj.o ABSOLUTE



==============================================================================

Memory Map of the image

  Image Entry point : 0x00000549

  Load Region LR_m_text (Base: 0x00000000, Size: 0x000016b8, Max: 0x00080000, ABSOLUTE)

    Execution Region VECTOR_ROM (Exec base: 0x00000000, Load base: 0x00000000, Size: 0x00000230, Max: 0x00000400, ABSOLUTE)

    Exec Addr    Load Addr    Size         Type   Attr      Idx    E Section Name        Object

    0x00000000   0x00000000   0x00000230   Data   RO           70    RESET               startup_s32k144.o


    Execution Region ER_m_flash_config (Exec base: 0x00000400, Load base: 0x00000400, Size: 0x00000010, Max: 0x00000010, ABSOLUTE, FIXED)

    Exec Addr    Load Addr    Size         Type   Attr      Idx    E Section Name        Object

    0x00000400   0x00000400   0x00000010   Data   RO           71    FlashConfig         startup_s32k144.o


    Execution Region ER_m_text_const (Exec base: 0x00000410, Load base: 0x00000410, Size: 0x00000134, Max: 0xffffffff, ABSOLUTE)

    Exec Addr    Load Addr    Size         Type   Attr      Idx    E Section Name        Object

    0x00000410   0x00000410   0x0000001a   Data   RO           43    .rodata..L__const.LPIT0_Ch3_IRQHandler.Month_days  mockproject_main.o
    0x0000042a   0x0000042a   0x00000002   PAD
    0x0000042c   0x0000042c   0x00000004   Data   RO           63    .rodata.s_vectors   startup.o
    0x00000430   0x00000430   0x00000002   Data   RO           50    .rodata.str1.1      mockproject_main.o
    0x00000432   0x00000432   0x00000002   PAD
    0x00000434   0x00000434   0x00000110   Data   RO          157    locale$$data        c_w.l(lc_ctype_c.o)


    Execution Region ER_m_text (Exec base: 0x00000548, Load base: 0x00000548, Size: 0x00001160, Max: 0x0007fbf0, ABSOLUTE)

    Exec Addr    Load Addr    Size         Type   Attr      Idx    E Section Name        Object

    0x00000548   0x00000548   0x00000008   Code   RO          103  * !!!main             c_w.l(__main.o)
    0x00000550   0x00000550   0x00000034   Code   RO          312    !!!scatter          c_w.l(__scatter.o)
    0x00000584   0x00000584   0x0000001a   Code   RO          314    !!handler_copy      c_w.l(__scatter_copy.o)
    0x0000059e   0x0000059e   0x00000002   PAD
    0x000005a0   0x000005a0   0x0000001c   Code   RO          316    !!handler_zi        c_w.l(__scatter_zi.o)
    0x000005bc   0x000005bc   0x00000002   Code   RO          167    .ARM.Collect$$libinit$$00000000  c_w.l(libinit.o)
    0x000005be   0x000005be   0x00000004   Code   RO          176    .ARM.Collect$$libinit$$00000001  c_w.l(libinit2.o)
    0x000005c2   0x000005c2   0x00000000   Code   RO          179    .ARM.Collect$$libinit$$00000004  c_w.l(libinit2.o)
    0x000005c2   0x000005c2   0x00000000   Code   RO          181    .ARM.Collect$$libinit$$00000006  c_w.l(libinit2.o)
    0x000005c2   0x000005c2   0x00000000   Code   RO          184    .ARM.Collect$$libinit$$0000000C  c_w.l(libinit2.o)
    0x000005c2   0x000005c2   0x00000000   Code   RO          186    .ARM.Collect$$libinit$$0000000E  c_w.l(libinit2.o)
    0x000005c2   0x000005c2   0x00000000   Code   RO          188    .ARM.Collect$$libinit$$00000010  c_w.l(libinit2.o)
    0x000005c2   0x000005c2   0x00000006   Code   RO          189    .ARM.Collect$$libinit$$00000011  c_w.l(libinit2.o)
    0x000005c8   0x000005c8   0x00000000   Code   RO          191    .ARM.Collect$$libinit$$00000013  c_w.l(libinit2.o)
    0x000005c8   0x000005c8   0x0000000c   Code   RO          192    .ARM.Collect$$libinit$$00000014  c_w.l(libinit2.o)
    0x000005d4   0x000005d4   0x00000000   Code   RO          193    .ARM.Collect$$libinit$$00000015  c_w.l(libinit2.o)
    0x000005d4   0x000005d4   0x00000000   Code   RO          195    .ARM.Collect$$libinit$$00000017  c_w.l(libinit2.o)
    0x000005d4   0x000005d4   0x00000000   Code   RO          197    .ARM.Collect$$libinit$$00000019  c_w.l(libinit2.o)
    0x000005d4   0x000005d4   0x00000000   Code   RO          199    .ARM.Collect$$libinit$$0000001B  c_w.l(libinit2.o)
    0x000005d4   0x000005d4   0x00000000   Code   RO          201    .ARM.Collect$$libinit$$0000001D  c_w.l(libinit2.o)
    0x000005d4   0x000005d4   0x00000000   Code   RO          203    .ARM.Collect$$libinit$$0000001F  c_w.l(libinit2.o)
    0x000005d4   0x000005d4   0x00000000   Code   RO          205    .ARM.Collect$$libinit$$00000021  c_w.l(libinit2.o)
    0x000005d4   0x000005d4   0x00000000   Code   RO          207    .ARM.Collect$$libinit$$00000023  c_w.l(libinit2.o)
    0x000005d4   0x000005d4   0x00000000   Code   RO          209    .ARM.Collect$$libinit$$00000025  c_w.l(libinit2.o)
    0x000005d4   0x000005d4   0x00000000   Code   RO          211    .ARM.Collect$$libinit$$00000027  c_w.l(libinit2.o)
    0x000005d4   0x000005d4   0x00000000   Code   RO          215    .ARM.Collect$$libinit$$0000002E  c_w.l(libinit2.o)
    0x000005d4   0x000005d4   0x00000000   Code   RO          217    .ARM.Collect$$libinit$$00000030  c_w.l(libinit2.o)
    0x000005d4   0x000005d4   0x00000000   Code   RO          219    .ARM.Collect$$libinit$$00000032  c_w.l(libinit2.o)
    0x000005d4   0x000005d4   0x00000000   Code   RO          221    .ARM.Collect$$libinit$$00000034  c_w.l(libinit2.o)
    0x000005d4   0x000005d4   0x00000002   Code   RO          222    .ARM.Collect$$libinit$$00000035  c_w.l(libinit2.o)
    0x000005d6   0x000005d6   0x00000002   Code   RO          251    .ARM.Collect$$libshutdown$$00000000  c_w.l(libshutdown.o)
    0x000005d8   0x000005d8   0x00000000   Code   RO          263    .ARM.Collect$$libshutdown$$00000002  c_w.l(libshutdown2.o)
    0x000005d8   0x000005d8   0x00000000   Code   RO          265    .ARM.Collect$$libshutdown$$00000004  c_w.l(libshutdown2.o)
    0x000005d8   0x000005d8   0x00000000   Code   RO          268    .ARM.Collect$$libshutdown$$00000007  c_w.l(libshutdown2.o)
    0x000005d8   0x000005d8   0x00000000   Code   RO          271    .ARM.Collect$$libshutdown$$0000000A  c_w.l(libshutdown2.o)
    0x000005d8   0x000005d8   0x00000000   Code   RO          273    .ARM.Collect$$libshutdown$$0000000C  c_w.l(libshutdown2.o)
    0x000005d8   0x000005d8   0x00000000   Code   RO          276    .ARM.Collect$$libshutdown$$0000000F  c_w.l(libshutdown2.o)
    0x000005d8   0x000005d8   0x00000002   Code   RO          277    .ARM.Collect$$libshutdown$$00000010  c_w.l(libshutdown2.o)
    0x000005da   0x000005da   0x00000000   Code   RO          105    .ARM.Collect$$rtentry$$00000000  c_w.l(__rtentry.o)
    0x000005da   0x000005da   0x00000000   Code   RO          121    .ARM.Collect$$rtentry$$00000002  c_w.l(__rtentry2.o)
    0x000005da   0x000005da   0x00000004   Code   RO          135    .ARM.Collect$$rtentry$$00000007  c_w.l(__rtentry7.o)
    0x000005de   0x000005de   0x00000000   Code   RO          123    .ARM.Collect$$rtentry$$00000009  c_w.l(__rtentry2.o)
    0x000005de   0x000005de   0x00000004   Code   RO          124    .ARM.Collect$$rtentry$$0000000A  c_w.l(__rtentry2.o)
    0x000005e2   0x000005e2   0x00000000   Code   RO          126    .ARM.Collect$$rtentry$$0000000C  c_w.l(__rtentry2.o)
    0x000005e2   0x000005e2   0x00000008   Code   RO          127    .ARM.Collect$$rtentry$$0000000D  c_w.l(__rtentry2.o)
    0x000005ea   0x000005ea   0x00000002   PAD
    0x000005ec   0x000005ec   0x00000004   Code   RO          136    .ARM.Collect$$rtentry$$00002718  c_w.l(__rtentry7.o)
    0x000005f0   0x000005f0   0x00000002   Code   RO          172    .ARM.Collect$$rtexit$$00000000  c_w.l(rtexit.o)
    0x000005f2   0x000005f2   0x00000000   Code   RO          231    .ARM.Collect$$rtexit$$00000002  c_w.l(rtexit2.o)
    0x000005f2   0x000005f2   0x00000004   Code   RO          232    .ARM.Collect$$rtexit$$00000003  c_w.l(rtexit2.o)
    0x000005f6   0x000005f6   0x00000006   Code   RO          233    .ARM.Collect$$rtexit$$00000004  c_w.l(rtexit2.o)
    0x000005fc   0x000005fc   0x0000009c   Code   RO           69    .text               startup_s32k144.o
    0x00000698   0x00000698   0x0000001a   Code   RO           94    .text               c_w.l(atoi.o)
    0x000006b2   0x000006b2   0x00000002   PAD
    0x000006b4   0x000006b4   0x0000000c   Code   RO           96    .text               c_w.l(strtok.o)
    0x000006c0   0x000006c0   0x0000003e   Code   RO           99    .text               c_w.l(strlen.o)
    0x000006fe   0x000006fe   0x0000008a   Code   RO          101    .text               c_w.l(rt_memcpy_v6.o)
    0x00000788   0x00000788   0x00000008   Code   RO          109    .text               c_w.l(rt_errno_addr_intlibspace.o)
    0x00000790   0x00000790   0x00000070   Code   RO          111    .text               c_w.l(strtol.o)
    0x00000800   0x00000800   0x00000044   Code   RO          113    .text               c_w.l(strtok_int.o)
    0x00000844   0x00000844   0x00000064   Code   RO          115    .text               c_w.l(rt_memcpy_w.o)
    0x000008a8   0x000008a8   0x00000010   Code   RO          140    .text               c_w.l(rt_ctype_table.o)
    0x000008b8   0x000008b8   0x0000009e   Code   RO          142    .text               c_w.l(_strtoul.o)
    0x00000956   0x00000956   0x00000020   Code   RO          144    .text               c_w.l(strcspn.o)
    0x00000976   0x00000976   0x0000001c   Code   RO          146    .text               c_w.l(strspn.o)
    0x00000992   0x00000992   0x00000002   PAD
    0x00000994   0x00000994   0x00000008   Code   RO          153    .text               c_w.l(rt_locale_intlibspace.o)
    0x0000099c   0x0000099c   0x0000001c   Code   RO          155    .text               c_w.l(_chval.o)
    0x000009b8   0x000009b8   0x00000012   Code   RO          160    .text               c_w.l(exit.o)
    0x000009ca   0x000009ca   0x00000006   PAD
    0x000009d0   0x000009d0   0x0000007c   Code   RO          174    .text               c_w.l(strcmpv7em.o)
    0x00000a4c   0x00000a4c   0x00000002   Code   RO          227    .text               c_w.l(use_no_semi.o)
    0x00000a4e   0x00000a4e   0x00000000   Code   RO          229    .text               c_w.l(indicate_semi.o)
    0x00000a4e   0x00000a4e   0x00000002   PAD
    0x00000a50   0x00000a50   0x0000000c   Code   RO          241    .text               c_w.l(sys_exit.o)
    0x00000a5c   0x00000a5c   0x00000084   Code   RO           19    .text.ADC_Module    mockproject_main.o
    0x00000ae0   0x00000ae0   0x0000015e   Code   RO           27    .text.Display_Date_In_Led  mockproject_main.o
    0x00000c3e   0x00000c3e   0x00000002   PAD
    0x00000c40   0x00000c40   0x0000011e   Code   RO           25    .text.Display_Time_In_Led  mockproject_main.o
    0x00000d5e   0x00000d5e   0x00000002   PAD
    0x00000d60   0x00000d60   0x00000076   Code   RO           21    .text.Handler_Feature_Two_Button  mockproject_main.o
    0x00000dd6   0x00000dd6   0x00000002   PAD
    0x00000dd8   0x00000dd8   0x000000ce   Code   RO            7    .text.Initalize_LPSPI0_Master  mockproject_main.o
    0x00000ea6   0x00000ea6   0x00000002   PAD
    0x00000ea8   0x00000ea8   0x0000002c   Code   RO            9    .text.Initalize_Slave_8DigitLed_MAX7219  mockproject_main.o
    0x00000ed4   0x00000ed4   0x0000006a   Code   RO           17    .text.Initialize_ADC0  mockproject_main.o
    0x00000f3e   0x00000f3e   0x00000002   PAD
    0x00000f40   0x00000f40   0x0000006a   Code   RO           13    .text.Initialize_Button  mockproject_main.o
    0x00000faa   0x00000faa   0x00000002   PAD
    0x00000fac   0x00000fac   0x00000064   Code   RO           11    .text.Initialize_LPIT  mockproject_main.o
    0x00001010   0x00001010   0x00000090   Code   RO           15    .text.Initialize_LPUART1  mockproject_main.o
    0x000010a0   0x000010a0   0x00000164   Code   RO           31    .text.LPIT0_Ch3_IRQHandler  mockproject_main.o
    0x00001204   0x00001204   0x0000004c   Code   RO           23    .text.LPSPI_TransmitData  mockproject_main.o
    0x00001250   0x00001250   0x000001e0   Code   RO           35    .text.LPUART1_RxTx_IRQHandler  mockproject_main.o
    0x00001430   0x00001430   0x00000070   Code   RO           29    .text.Leap_Year     mockproject_main.o
    0x000014a0   0x000014a0   0x00000080   Code   RO           33    .text.PORTC_IRQHandler  mockproject_main.o
    0x00001520   0x00001520   0x00000052   Code   RO           78    .text.SystemInit    system_s32k144.o
    0x00001572   0x00001572   0x00000002   PAD
    0x00001574   0x00001574   0x000000a0   Code   RO           61    .text.init_data_bss  startup.o
    0x00001614   0x00001614   0x0000002c   Code   RO            5    .text.main          mockproject_main.o
    0x00001640   0x00001640   0x0000002c   Code   RO          158    locale$$code        c_w.l(lc_ctype_c.o)
    0x0000166c   0x0000166c   0x0000001a   Code   RO          239    x$fpl$fpinit        fz_wm.l(fpinit.o)
    0x00001686   0x00001686   0x00000002   PAD
    0x00001688   0x00001688   0x00000020   Data   RO          311    Region$$Table       anon$$obj.o


    Execution Region VECTOR_RAM (Exec base: 0x1fff8000, Load base: 0x00000230, Size: 0x00000400, Max: 0x00000400, ABSOLUTE)

    Exec Addr    Load Addr    Size         Type   Attr      Idx    E Section Name        Object

    0x1fff8000        -       0x00000400   Zero   RW            1    VECTOR_RAM.bss      anon$$obj.o


    Execution Region RW_m_data (Exec base: 0x1fff8400, Load base: 0x000016a8, Size: 0x00000010, Max: 0xffffffff, ABSOLUTE)

    Exec Addr    Load Addr    Size         Type   Attr      Idx    E Section Name        Object

    0x1fff8400   0x000016a8   0x00000004   Data   RW           97    .data               c_w.l(strtok.o)
    0x1fff8404   0x000016ac   0x00000002   Data   RW           42    .data.Day           mockproject_main.o
    0x1fff8406   0x000016ae   0x00000001   Data   RW           44    .data.Flag_Button   mockproject_main.o
    0x1fff8407   0x000016af   0x00000001   PAD
    0x1fff8408   0x000016b0   0x00000002   Data   RW           41    .data.Month         mockproject_main.o
    0x1fff840a   0x000016b2   0x00000002   PAD
    0x1fff840c   0x000016b4   0x00000004   Data   RW           40    .data.Year          mockproject_main.o


    Execution Region RW_m_code (Exec base: 0x1fff8410, Load base: 0x000016b8, Size: 0x00000000, Max: 0x00007c00, ABSOLUTE)

    **** No section assigned to this execution region ****


    Execution Region RW_m_custom_section (Exec base: 0x20000000, Load base: 0x000016b8, Size: 0x00000000, Max: 0xffffffff, ABSOLUTE)

    **** No section assigned to this execution region ****


    Execution Region RW_m_data_2 (Exec base: 0x20000000, Load base: 0x000016b8, Size: 0x0000008c, Max: 0x00006800, ABSOLUTE)

    Exec Addr    Load Addr    Size         Type   Attr      Idx    E Section Name        Object

    0x20000000        -       0x00000060   Zero   RW          118    .bss                c_w.l(libspace.o)
    0x20000060        -       0x00000001   Zero   RW           47    .bss.Check_Data_Receiver  mockproject_main.o
    0x20000061        -       0x00000014   Zero   RW           48    .bss.Check_String_Receiver  mockproject_main.o
    0x20000075   0x000016b8   0x00000001   PAD
    0x20000076        -       0x00000002   Zero   RW           39    .bss.Hour           mockproject_main.o
    0x20000078        -       0x00000002   Zero   RW           52    .bss.Intensity      mockproject_main.o
    0x2000007a        -       0x00000002   Zero   RW           38    .bss.Min            mockproject_main.o
    0x2000007c        -       0x00000004   Zero   RW           51    .bss.Receiver_Data_ADC  mockproject_main.o
    0x20000080        -       0x00000001   Zero   RW           49    .bss.Receiver_String_Len  mockproject_main.o
    0x20000081   0x000016b8   0x00000001   PAD
    0x20000082        -       0x00000002   Zero   RW           37    .bss.Sec            mockproject_main.o
    0x20000084        -       0x00000004   Zero   RW           45    .bss.State_Button1  mockproject_main.o
    0x20000088        -       0x00000004   Zero   RW           46    .bss.State_Button2  mockproject_main.o


    Execution Region ARM_LIB_HEAP (Exec base: 0x2000008c, Load base: 0x000016b8, Size: 0x00000400, Max: 0x00000400, ABSOLUTE)

    Exec Addr    Load Addr    Size         Type   Attr      Idx    E Section Name        Object

    0x2000008c        -       0x00000400   Zero   RW            2    ARM_LIB_HEAP.bss    anon$$obj.o


    Execution Region ARM_LIB_STACK (Exec base: 0x20006c00, Load base: 0x000016b8, Size: 0x00000400, Max: 0x00000400, ABSOLUTE)

    Exec Addr    Load Addr    Size         Type   Attr      Idx    E Section Name        Object

    0x20006c00        -       0x00000400   Zero   RW            3    ARM_LIB_STACK.bss   anon$$obj.o


==============================================================================

Image component sizes


      Code (inc. data)   RO Data    RW Data    ZI Data      Debug   Object Name

      2788          0         28          9         42       6163   mockproject_main.o
       160          0          4          0          0       1064   startup.o
       156        106        576          0          0        920   startup_s32k144.o
        82          0          0          0          0       2833   system_s32k144.o

    ----------------------------------------------------------------------
      3200        106        644         12       3116      10980   Object Totals
         0          0         32          0       3072          0   (incl. Generated)
        14          0          4          3          2          0   (incl. Padding)

    ----------------------------------------------------------------------

      Code (inc. data)   RO Data    RW Data    ZI Data      Debug   Library Member Name

         8          0          0          0          0         68   __main.o
         0          0          0          0          0          0   __rtentry.o
        12          0          0          0          0          0   __rtentry2.o
         8          4          0          0          0          0   __rtentry7.o
        52          8          0          0          0          0   __scatter.o
        26          0          0          0          0          0   __scatter_copy.o
        28          0          0          0          0          0   __scatter_zi.o
        28          0          0          0          0         68   _chval.o
       158          0          0          0          0         92   _strtoul.o
        26          0          0          0          0         80   atoi.o
        18          0          0          0          0         80   exit.o
         0          0          0          0          0          0   indicate_semi.o
        44         10        272          0          0         76   lc_ctype_c.o
         2          0          0          0          0          0   libinit.o
        24          0          0          0          0          0   libinit2.o
         2          0          0          0          0          0   libshutdown.o
         2          0          0          0          0          0   libshutdown2.o
         0          0          0          0         96          0   libspace.o
        16          4          0          0          0         76   rt_ctype_table.o
         8          4          0          0          0         68   rt_errno_addr_intlibspace.o
         8          4          0          0          0         68   rt_locale_intlibspace.o
       138          0          0          0          0         68   rt_memcpy_v6.o
       100          0          0          0          0         80   rt_memcpy_w.o
         2          0          0          0          0          0   rtexit.o
        10          0          0          0          0          0   rtexit2.o
       124          0          0          0          0         88   strcmpv7em.o
        32          0          0          0          0         80   strcspn.o
        62          0          0          0          0         76   strlen.o
        28          0          0          0          0         80   strspn.o
        12          6          0          4          0         68   strtok.o
        68          4          0          0          0         84   strtok_int.o
       112          0          0          0          0         88   strtol.o
        12          4          0          0          0         68   sys_exit.o
         2          0          0          0          0         68   use_no_semi.o
        26          0          0          0          0        116   fpinit.o

    ----------------------------------------------------------------------
      1216         48        272          4         96       1640   Library Totals
        18          0          0          0          0          0   (incl. Padding)

    ----------------------------------------------------------------------

      Code (inc. data)   RO Data    RW Data    ZI Data      Debug   Library Name

      1172         48        272          4         96       1524   c_w.l
        26          0          0          0          0        116   fz_wm.l

    ----------------------------------------------------------------------
      1216         48        272          4         96       1640   Library Totals

    ----------------------------------------------------------------------

==============================================================================


      Code (inc. data)   RO Data    RW Data    ZI Data      Debug   

      4416        154        916         16       3212      11748   Grand Totals
      4416        154        916         16       3212      11748   ELF Image Totals
      4416        154        916         16          0          0   ROM Totals

==============================================================================

    Total RO  Size (Code + RO Data)                 5332 (   5.21kB)
    Total RW  Size (RW Data + ZI Data)              3228 (   3.15kB)
    Total ROM Size (Code + RO Data + RW Data)       5348 (   5.22kB)

==============================================================================

